Archive member included because of file (symbol)

/opt/arduino-1.5.7/hardware/arduino/RFduino/variants/nRF51/libnRF51System.a(startup_nrf51822.o)
                              (Reset_Handler)
/opt/arduino-1.5.7/hardware/arduino/RFduino/variants/nRF51/libnRF51System.a(system_nrf51.o)
                              /opt/arduino-1.5.7/hardware/arduino/RFduino/variants/nRF51/libnRF51System.a(startup_nrf51822.o) (SystemInit)
/tmp/build2854674180972588472.tmp/core.a(WInterrupts.c.o)
                              /tmp/build2854674180972588472.tmp/variant.cpp.o (attachInterrupt)
/tmp/build2854674180972588472.tmp/core.a(wiring.c.o)
                              /tmp/build2854674180972588472.tmp/variant.cpp.o (RTC1_Interrupt)
/tmp/build2854674180972588472.tmp/core.a(RingBuffer.cpp.o)
                              /tmp/build2854674180972588472.tmp/variant.cpp.o (RingBuffer::RingBuffer())
/tmp/build2854674180972588472.tmp/core.a(UARTClass.cpp.o)
                              /tmp/build2854674180972588472.tmp/variant.cpp.o (UARTClass::flush())
/tmp/build2854674180972588472.tmp/core.a(main.cpp.o)
                              /opt/arduino-1.5.7/hardware/tools/gcc-arm-none-eabi-4.8.3-2014q1/bin/../lib/gcc/arm-none-eabi/4.8.3/../../../../arm-none-eabi/lib/armv6-m/crt0.o (main)
/tmp/build2854674180972588472.tmp/core.a(hooks.c.o)
                              /tmp/build2854674180972588472.tmp/core.a(wiring.c.o) (yield)
/tmp/build2854674180972588472.tmp/core.a(Print.cpp.o)
                              /tmp/build2854674180972588472.tmp/core.a(UARTClass.cpp.o) (Print::write(unsigned char const*, unsigned int))
/tmp/build2854674180972588472.tmp/core.a(WString.cpp.o)
                              /tmp/build2854674180972588472.tmp/core.a(Print.cpp.o) (String::operator[](unsigned int) const)
/tmp/build2854674180972588472.tmp/core.a(itoa.c.o)
                              /tmp/build2854674180972588472.tmp/core.a(WString.cpp.o) (ltoa)
/opt/arduino-1.5.7/hardware/tools/gcc-arm-none-eabi-4.8.3-2014q1/bin/../lib/gcc/arm-none-eabi/4.8.3/../../../../arm-none-eabi/lib/armv6-m/libstdc++_s.a(pure.o)
                              /tmp/build2854674180972588472.tmp/core.a(UARTClass.cpp.o) (__cxa_pure_virtual)
/opt/arduino-1.5.7/hardware/tools/gcc-arm-none-eabi-4.8.3-2014q1/bin/../lib/gcc/arm-none-eabi/4.8.3/../../../../arm-none-eabi/lib/armv6-m/libstdc++_s.a(eh_terminate.o)
                              /opt/arduino-1.5.7/hardware/tools/gcc-arm-none-eabi-4.8.3-2014q1/bin/../lib/gcc/arm-none-eabi/4.8.3/../../../../arm-none-eabi/lib/armv6-m/libstdc++_s.a(pure.o) (std::terminate())
/opt/arduino-1.5.7/hardware/tools/gcc-arm-none-eabi-4.8.3-2014q1/bin/../lib/gcc/arm-none-eabi/4.8.3/../../../../arm-none-eabi/lib/armv6-m/libstdc++_s.a(eh_term_handler.o)
                              /opt/arduino-1.5.7/hardware/tools/gcc-arm-none-eabi-4.8.3-2014q1/bin/../lib/gcc/arm-none-eabi/4.8.3/../../../../arm-none-eabi/lib/armv6-m/libstdc++_s.a(eh_terminate.o) (__cxxabiv1::__terminate_handler)
/opt/arduino-1.5.7/hardware/tools/gcc-arm-none-eabi-4.8.3-2014q1/bin/../lib/gcc/arm-none-eabi/4.8.3/../../../../arm-none-eabi/lib/armv6-m/libstdc++_s.a(eh_unex_handler.o)
                              /opt/arduino-1.5.7/hardware/tools/gcc-arm-none-eabi-4.8.3-2014q1/bin/../lib/gcc/arm-none-eabi/4.8.3/../../../../arm-none-eabi/lib/armv6-m/libstdc++_s.a(eh_terminate.o) (__cxxabiv1::__unexpected_handler)
/opt/arduino-1.5.7/hardware/tools/gcc-arm-none-eabi-4.8.3-2014q1/bin/../lib/gcc/arm-none-eabi/4.8.3/../../../../arm-none-eabi/lib/armv6-m/libstdc++_s.a(vterminate.o)
                              /opt/arduino-1.5.7/hardware/tools/gcc-arm-none-eabi-4.8.3-2014q1/bin/../lib/gcc/arm-none-eabi/4.8.3/../../../../arm-none-eabi/lib/armv6-m/libstdc++_s.a(eh_term_handler.o) (__gnu_cxx::__verbose_terminate_handler())
/opt/arduino-1.5.7/hardware/tools/gcc-arm-none-eabi-4.8.3-2014q1/bin/../lib/gcc/arm-none-eabi/4.8.3/../../../../arm-none-eabi/lib/armv6-m/libstdc++_s.a(cp-demangle.o)
                              /opt/arduino-1.5.7/hardware/tools/gcc-arm-none-eabi-4.8.3-2014q1/bin/../lib/gcc/arm-none-eabi/4.8.3/../../../../arm-none-eabi/lib/armv6-m/libstdc++_s.a(vterminate.o) (__cxa_demangle)
/opt/arduino-1.5.7/hardware/tools/gcc-arm-none-eabi-4.8.3-2014q1/bin/../lib/gcc/arm-none-eabi/4.8.3/../../../../arm-none-eabi/lib/armv6-m/libstdc++_s.a(eh_type.o)
                              /opt/arduino-1.5.7/hardware/tools/gcc-arm-none-eabi-4.8.3-2014q1/bin/../lib/gcc/arm-none-eabi/4.8.3/../../../../arm-none-eabi/lib/armv6-m/libstdc++_s.a(vterminate.o) (__cxa_current_exception_type)
/opt/arduino-1.5.7/hardware/tools/gcc-arm-none-eabi-4.8.3-2014q1/bin/../lib/gcc/arm-none-eabi/4.8.3/../../../../arm-none-eabi/lib/armv6-m/libstdc++_s.a(eh_globals.o)
                              /opt/arduino-1.5.7/hardware/tools/gcc-arm-none-eabi-4.8.3-2014q1/bin/../lib/gcc/arm-none-eabi/4.8.3/../../../../arm-none-eabi/lib/armv6-m/libstdc++_s.a(eh_type.o) (__cxa_get_globals)
[...]
Memory Configuration

Name             Origin             Length             Attributes
FLASH            0x0000000000000000 0x0000000000040000 xr
RAM              0x0000000020000000 0x0000000000004000 xrw
*default*        0x0000000000000000 0xffffffffffffffff

Linker script and memory map

LOAD /opt/arduino-1.5.7/hardware/tools/gcc-arm-none-eabi-4.8.3-2014q1/bin/../lib/gcc/arm-none-eabi/4.8.3/armv6-m/crti.o
LOAD /opt/arduino-1.5.7/hardware/tools/gcc-arm-none-eabi-4.8.3-2014q1/bin/../lib/gcc/arm-none-eabi/4.8.3/armv6-m/crtbegin.o
LOAD /opt/arduino-1.5.7/hardware/tools/gcc-arm-none-eabi-4.8.3-2014q1/bin/../lib/gcc/arm-none-eabi/4.8.3/../../../../arm-none-eabi/lib/armv6-m/crt0.o
START GROUP
LOAD /tmp/build2854674180972588472.tmp/syscalls.c.o
LOAD /tmp/build2854674180972588472.tmp/rdfblink.cpp.o
LOAD /tmp/build2854674180972588472.tmp/variant.cpp.o
LOAD /opt/arduino-1.5.7/hardware/arduino/RFduino/variants/nRF51/libnRF51System.a
LOAD /tmp/build2854674180972588472.tmp/core.a
END GROUP
LOAD /opt/arduino-1.5.7/hardware/tools/gcc-arm-none-eabi-4.8.3-2014q1/bin/../lib/gcc/arm-none-eabi/4.8.3/../../../../arm-none-eabi/lib/armv6-m/libstdc++_s.a
LOAD /opt/arduino-1.5.7/hardware/tools/gcc-arm-none-eabi-4.8.3-2014q1/bin/../lib/gcc/arm-none-eabi/4.8.3/../../../../arm-none-eabi/lib/armv6-m/libm.a
START GROUP
LOAD /opt/arduino-1.5.7/hardware/tools/gcc-arm-none-eabi-4.8.3-2014q1/bin/../lib/gcc/arm-none-eabi/4.8.3/armv6-m/libgcc.a
LOAD /opt/arduino-1.5.7/hardware/tools/gcc-arm-none-eabi-4.8.3-2014q1/bin/../lib/gcc/arm-none-eabi/4.8.3/../../../../arm-none-eabi/lib/armv6-m/libc_s.a
END GROUP
START GROUP
LOAD /opt/arduino-1.5.7/hardware/tools/gcc-arm-none-eabi-4.8.3-2014q1/bin/../lib/gcc/arm-none-eabi/4.8.3/armv6-m/libgcc.a
LOAD /opt/arduino-1.5.7/hardware/tools/gcc-arm-none-eabi-4.8.3-2014q1/bin/../lib/gcc/arm-none-eabi/4.8.3/../../../../arm-none-eabi/lib/armv6-m/libc_s.a
END GROUP
LOAD /opt/arduino-1.5.7/hardware/tools/gcc-arm-none-eabi-4.8.3-2014q1/bin/../lib/gcc/arm-none-eabi/4.8.3/armv6-m/crtend.o
LOAD /opt/arduino-1.5.7/hardware/tools/gcc-arm-none-eabi-4.8.3-2014q1/bin/../lib/gcc/arm-none-eabi/4.8.3/armv6-m/crtn.o
START GROUP
LOAD /opt/arduino-1.5.7/hardware/tools/gcc-arm-none-eabi-4.8.3-2014q1/bin/../lib/gcc/arm-none-eabi/4.8.3/armv6-m/libgcc.a
LOAD /opt/arduino-1.5.7/hardware/tools/gcc-arm-none-eabi-4.8.3-2014q1/bin/../lib/gcc/arm-none-eabi/4.8.3/../../../../arm-none-eabi/lib/armv6-m/libc.a
LOAD /opt/arduino-1.5.7/hardware/tools/gcc-arm-none-eabi-4.8.3-2014q1/bin/../lib/gcc/arm-none-eabi/4.8.3/../../../../arm-none-eabi/lib/armv6-m/libnosys.a
END GROUP

.text           0x0000000000000000     0x1350
 *(.Vectors)
 .Vectors       0x0000000000000000       0xc0 /opt/arduino-1.5.7/hardware/arduino/RFduino/variants/nRF51/libnRF51System.a(startup_nrf51822.o)
                0x0000000000000000                __Vectors
 *(.text*)
 .text          0x00000000000000c0       0x78 /opt/arduino-1.5.7/hardware/tools/gcc-arm-none-eabi-4.8.3-2014q1/bin/../lib/gcc/arm-none-eabi/4.8.3/../../../../arm-none-eabi/lib/armv6-m/crt0.o
                0x00000000000000c0                _mainCRTStartup
                0x00000000000000c0                _start
 .text._sbrk    0x0000000000000138       0x20 /tmp/build2854674180972588472.tmp/syscalls.c.o
                0x0000000000000138                _sbrk
 .text._close   0x0000000000000158        0x6 /tmp/build2854674180972588472.tmp/syscalls.c.o
                0x0000000000000158                _close
 .text._fstat   0x000000000000015e        0xa /tmp/build2854674180972588472.tmp/syscalls.c.o
                0x000000000000015e                _fstat
 .text._isatty  0x0000000000000168        0x4 /tmp/build2854674180972588472.tmp/syscalls.c.o
                0x0000000000000168                _isatty
 .text._lseek   0x000000000000016c        0x4 /tmp/build2854674180972588472.tmp/syscalls.c.o
                0x000000000000016c                _lseek
 .text._read    0x0000000000000170        0x4 /tmp/build2854674180972588472.tmp/syscalls.c.o
                0x0000000000000170                _read
 .text._write   0x0000000000000174       0x20 /tmp/build2854674180972588472.tmp/syscalls.c.o
                0x0000000000000174                _write
 .text._exit    0x0000000000000194       0x10 /tmp/build2854674180972588472.tmp/syscalls.c.o
                0x0000000000000194                _exit
 .text.setup    0x00000000000001a4       0x40 /tmp/build2854674180972588472.tmp/rdfblink.cpp.o
                0x00000000000001a4                setup
 .text.loop     0x00000000000001e4        0x2 /tmp/build2854674180972588472.tmp/rdfblink.cpp.o
                0x00000000000001e4                loop
 .text.init     0x00000000000001e6        0x2 /tmp/build2854674180972588472.tmp/variant.cpp.o
                0x00000000000001e6                init
 .text.UART0_TXD
                0x00000000000001e8       0x20 /tmp/build2854674180972588472.tmp/variant.cpp.o
                0x00000000000001e8                UART0_TXD
 .text.UART0_TX
                0x0000000000000208       0x10 /tmp/build2854674180972588472.tmp/variant.cpp.o
                0x0000000000000208                UART0_TX
 .text          0x0000000000000218       0x54 /opt/arduino-1.5.7/hardware/arduino/RFduino/variants/nRF51/libnRF51System.a(startup_nrf51822.o)
                0x0000000000000218                Reset_Handler
                0x0000000000000260                NMI_Handler
                0x0000000000000262                HardFault_Handler
                0x0000000000000264                SVC_Handler
                0x0000000000000266                PendSV_Handler
                0x0000000000000268                SysTick_Handler
                0x000000000000026a                TIMER2_IRQHandler
                0x000000000000026a                SPI0_TWI0_IRQHandler
                0x000000000000026a                RTC0_IRQHandler
                0x000000000000026a                GPIOTE_IRQHandler
                0x000000000000026a                POWER_CLOCK_IRQHandler
                0x000000000000026a                RADIO_IRQHandler
                0x000000000000026a                LPCOMP_IRQHandler
                0x000000000000026a                SWI4_IRQHandler
                0x000000000000026a                TEMP_IRQHandler
                0x000000000000026a                QDEC_IRQHandler
                0x000000000000026a                UART0_IRQHandler
                0x000000000000026a                SWI5_IRQHandler
                0x000000000000026a                TIMER0_IRQHandler
                0x000000000000026a                SWI0_IRQHandler
                0x000000000000026a                TIMER1_IRQHandler
                0x000000000000026a                ECB_IRQHandler
                0x000000000000026a                Default_Handler
                0x000000000000026a                ADC_IRQHandler
                0x000000000000026a                SWI3_IRQHandler
                0x000000000000026a                CCM_AAR_IRQHandler
                0x000000000000026a                WDT_IRQHandler
                0x000000000000026a                SWI2_IRQHandler
                0x000000000000026a                RNG_IRQHandler
                0x000000000000026a                SPI1_TWI1_IRQHandler
                0x000000000000026a                RTC1_IRQHandler
                0x000000000000026a                SWI1_IRQHandler
 .text.SystemInit
                0x000000000000026c       0x90 /opt/arduino-1.5.7/hardware/arduino/RFduino/variants/nRF51/libnRF51System.a(system_nrf51.o)
                0x000000000000026c                SystemInit
 .text._ZN10RingBuffer10store_charEh
                0x00000000000002fc       0x16 /tmp/build2854674180972588472.tmp/core.a(RingBuffer.cpp.o)
                0x00000000000002fc                RingBuffer::store_char(unsigned char)
 .text._ZN9UARTClass2txEv
                0x0000000000000312       0x2a /tmp/build2854674180972588472.tmp/core.a(UARTClass.cpp.o)
                0x0000000000000312                UARTClass::tx()
 .text._ZN9UARTClass5writeEh
                0x000000000000033c       0x44 /tmp/build2854674180972588472.tmp/core.a(UARTClass.cpp.o)
                0x000000000000033c                UARTClass::write(unsigned char)
 .text.startup.main
                0x0000000000000380       0x10 /tmp/build2854674180972588472.tmp/core.a(main.cpp.o)
                0x0000000000000380                main
 .text          0x0000000000000390       0x9c /opt/arduino-1.5.7/hardware/tools/gcc-arm-none-eabi-4.8.3-2014q1/bin/../lib/gcc/arm-none-eabi/4.8.3/armv6-m/libgcc.a(_udivsi3.o)
                0x0000000000000390                __udivsi3
                0x0000000000000390                __aeabi_uidiv
                0x0000000000000418                __aeabi_uidivmod
 .text          0x000000000000042c        0x4 /opt/arduino-1.5.7/hardware/tools/gcc-arm-none-eabi-4.8.3-2014q1/bin/../lib/gcc/arm-none-eabi/4.8.3/armv6-m/libgcc.a(_dvmd_tls.o)
                0x000000000000042c                __aeabi_ldiv0
                0x000000000000042c                __aeabi_idiv0
 .text.exit     0x0000000000000430       0x2c /opt/arduino-1.5.7/hardware/tools/gcc-arm-none-eabi-4.8.3-2014q1/bin/../lib/gcc/arm-none-eabi/4.8.3/../../../../arm-none-eabi/lib/armv6-m/libc_s.a(lib_a-exit.o)
                0x0000000000000430                exit
 .text.__libc_init_array
                0x000000000000045c       0x4c /opt/arduino-1.5.7/hardware/tools/gcc-arm-none-eabi-4.8.3-2014q1/bin/../lib/gcc/arm-none-eabi/4.8.3/../../../../arm-none-eabi/lib/armv6-m/libc_s.a(lib_a-init.o)
                0x000000000000045c                __libc_init_array
 .text.memset   0x00000000000004a8       0x10 /opt/arduino-1.5.7/hardware/tools/gcc-arm-none-eabi-4.8.3-2014q1/bin/../lib/gcc/arm-none-eabi/4.8.3/../../../../arm-none-eabi/lib/armv6-m/libc_s.a(lib_a-memset.o)
                0x00000000000004a8                memset
 .text._free_r  0x00000000000004b8       0x90 /opt/arduino-1.5.7/hardware/tools/gcc-arm-none-eabi-4.8.3-2014q1/bin/../lib/gcc/arm-none-eabi/4.8.3/../../../../arm-none-eabi/lib/armv6-m/libc_s.a(lib_a-nano-freer.o)
                0x00000000000004b8                _free_r
 .text._malloc_r
                0x0000000000000548       0xa8 /opt/arduino-1.5.7/hardware/tools/gcc-arm-none-eabi-4.8.3-2014q1/bin/../lib/gcc/arm-none-eabi/4.8.3/../../../../arm-none-eabi/lib/armv6-m/libc_s.a(lib_a-nano-mallocr.o)
                0x0000000000000548                _malloc_r
 .text.printf   0x00000000000005f0       0x34 /opt/arduino-1.5.7/hardware/tools/gcc-arm-none-eabi-4.8.3-2014q1/bin/../lib/gcc/arm-none-eabi/4.8.3/../../../../arm-none-eabi/lib/armv6-m/libc_s.a(lib_a-printf.o)
                0x00000000000005f0                printf
                0x00000000000005f0                iprintf
 .text._sbrk_r  0x0000000000000624       0x24 /opt/arduino-1.5.7/hardware/tools/gcc-arm-none-eabi-4.8.3-2014q1/bin/../lib/gcc/arm-none-eabi/4.8.3/../../../../arm-none-eabi/lib/armv6-m/libc_s.a(lib_a-sbrkr.o)
                0x0000000000000624                _sbrk_r
 .text.strlen   0x0000000000000648        0xe /opt/arduino-1.5.7/hardware/tools/gcc-arm-none-eabi-4.8.3-2014q1/bin/../lib/gcc/arm-none-eabi/4.8.3/../../../../arm-none-eabi/lib/armv6-m/libc_s.a(lib_a-strlen.o)
                0x0000000000000648                strlen
 .text.__sfputc_r
                0x0000000000000656       0x2a /opt/arduino-1.5.7/hardware/tools/gcc-arm-none-eabi-4.8.3-2014q1/bin/../lib/gcc/arm-none-eabi/4.8.3/../../../../arm-none-eabi/lib/armv6-m/libc_s.a(lib_a-vfprintf.o)
 .text.__sfputs_r
                0x0000000000000680       0x24 /opt/arduino-1.5.7/hardware/tools/gcc-arm-none-eabi-4.8.3-2014q1/bin/../lib/gcc/arm-none-eabi/4.8.3/../../../../arm-none-eabi/lib/armv6-m/libc_s.a(lib_a-vfprintf.o)
                0x0000000000000680                __sfputs_r
 .text._vfprintf_r
                0x00000000000006a4      0x210 /opt/arduino-1.5.7/hardware/tools/gcc-arm-none-eabi-4.8.3-2014q1/bin/../lib/gcc/arm-none-eabi/4.8.3/../../../../arm-none-eabi/lib/armv6-m/libc_s.a(lib_a-vfprintf.o)
                0x00000000000006a4                _vfiprintf_r
                0x00000000000006a4                _vfprintf_r
 .text._printf_common
                0x00000000000008b4       0xe8 /opt/arduino-1.5.7/hardware/tools/gcc-arm-none-eabi-4.8.3-2014q1/bin/../lib/gcc/arm-none-eabi/4.8.3/../../../../arm-none-eabi/lib/armv6-m/libc_s.a(lib_a-vfprintf_i.o)
                0x00000000000008b4                _printf_common
 .text._printf_i
                0x000000000000099c      0x22c /opt/arduino-1.5.7/hardware/tools/gcc-arm-none-eabi-4.8.3-2014q1/bin/../lib/gcc/arm-none-eabi/4.8.3/../../../../arm-none-eabi/lib/armv6-m/libc_s.a(lib_a-vfprintf_i.o)
                0x000000000000099c                _printf_i
 .text.__swbuf_r
                0x0000000000000bc8       0xb0 /opt/arduino-1.5.7/hardware/tools/gcc-arm-none-eabi-4.8.3-2014q1/bin/../lib/gcc/arm-none-eabi/4.8.3/../../../../arm-none-eabi/lib/armv6-m/libc_s.a(lib_a-wbuf.o)
                0x0000000000000bc8                __swbuf_r
 .text._write_r
                0x0000000000000c78       0x28 /opt/arduino-1.5.7/hardware/tools/gcc-arm-none-eabi-4.8.3-2014q1/bin/../lib/gcc/arm-none-eabi/4.8.3/../../../../arm-none-eabi/lib/armv6-m/libc_s.a(lib_a-writer.o)
                0x0000000000000c78                _write_r
 .text.__swsetup_r
                0x0000000000000ca0       0xe4 /opt/arduino-1.5.7/hardware/tools/gcc-arm-none-eabi-4.8.3-2014q1/bin/../lib/gcc/arm-none-eabi/4.8.3/../../../../arm-none-eabi/lib/armv6-m/libc_s.a(lib_a-wsetup.o)
                0x0000000000000ca0                __swsetup_r
 .text.__sflush_r
                0x0000000000000d84      0x112 /opt/arduino-1.5.7/hardware/tools/gcc-arm-none-eabi-4.8.3-2014q1/bin/../lib/gcc/arm-none-eabi/4.8.3/../../../../arm-none-eabi/lib/armv6-m/libc_s.a(lib_a-fflush.o)
                0x0000000000000d84                __sflush_r
 *fill*         0x0000000000000e96        0x2 
 .text._fflush_r
                0x0000000000000e98       0x58 /opt/arduino-1.5.7/hardware/tools/gcc-arm-none-eabi-4.8.3-2014q1/bin/../lib/gcc/arm-none-eabi/4.8.3/../../../../arm-none-eabi/lib/armv6-m/libc_s.a(lib_a-fflush.o)
                0x0000000000000e98                _fflush_r
 .text._cleanup_r
                0x0000000000000ef0       0x34 /opt/arduino-1.5.7/hardware/tools/gcc-arm-none-eabi-4.8.3-2014q1/bin/../lib/gcc/arm-none-eabi/4.8.3/../../../../arm-none-eabi/lib/armv6-m/libc_s.a(lib_a-findfp.o)
                0x0000000000000ef0                _cleanup_r
 .text.std.isra.0
                0x0000000000000f24       0x48 /opt/arduino-1.5.7/hardware/tools/gcc-arm-none-eabi-4.8.3-2014q1/bin/../lib/gcc/arm-none-eabi/4.8.3/../../../../arm-none-eabi/lib/armv6-m/libc_s.a(lib_a-findfp.o)
 .text.__sfmoreglue
                0x0000000000000f6c       0x2c /opt/arduino-1.5.7/hardware/tools/gcc-arm-none-eabi-4.8.3-2014q1/bin/../lib/gcc/arm-none-eabi/4.8.3/../../../../arm-none-eabi/lib/armv6-m/libc_s.a(lib_a-findfp.o)
                0x0000000000000f6c                __sfmoreglue
 .text.__sinit  0x0000000000000f98       0x64 /opt/arduino-1.5.7/hardware/tools/gcc-arm-none-eabi-4.8.3-2014q1/bin/../lib/gcc/arm-none-eabi/4.8.3/../../../../arm-none-eabi/lib/armv6-m/libc_s.a(lib_a-findfp.o)
                0x0000000000000f98                __sinit
 .text.__sfp    0x0000000000000ffc       0x7c /opt/arduino-1.5.7/hardware/tools/gcc-arm-none-eabi-4.8.3-2014q1/bin/../lib/gcc/arm-none-eabi/4.8.3/../../../../arm-none-eabi/lib/armv6-m/libc_s.a(lib_a-findfp.o)
                0x0000000000000ffc                __sfp
 .text.__smakebuf_r
                0x0000000000001078       0xa0 /opt/arduino-1.5.7/hardware/tools/gcc-arm-none-eabi-4.8.3-2014q1/bin/../lib/gcc/arm-none-eabi/4.8.3/../../../../arm-none-eabi/lib/armv6-m/libc_s.a(lib_a-makebuf.o)
                0x0000000000001078                __smakebuf_r
 .text.memchr   0x0000000000001118       0x16 /opt/arduino-1.5.7/hardware/tools/gcc-arm-none-eabi-4.8.3-2014q1/bin/../lib/gcc/arm-none-eabi/4.8.3/../../../../arm-none-eabi/lib/armv6-m/libc_s.a(lib_a-memchr-stub.o)
                0x0000000000001118                memchr
 *fill*         0x000000000000112e        0x2 
 .text.__sread  0x0000000000001130       0x28 /opt/arduino-1.5.7/hardware/tools/gcc-arm-none-eabi-4.8.3-2014q1/bin/../lib/gcc/arm-none-eabi/4.8.3/../../../../arm-none-eabi/lib/armv6-m/libc_s.a(lib_a-stdio.o)
                0x0000000000001130                __sread
 .text.__swrite
                0x0000000000001158       0x38 /opt/arduino-1.5.7/hardware/tools/gcc-arm-none-eabi-4.8.3-2014q1/bin/../lib/gcc/arm-none-eabi/4.8.3/../../../../arm-none-eabi/lib/armv6-m/libc_s.a(lib_a-stdio.o)
                0x0000000000001158                __swrite
 .text.__sseek  0x0000000000001190       0x2c /opt/arduino-1.5.7/hardware/tools/gcc-arm-none-eabi-4.8.3-2014q1/bin/../lib/gcc/arm-none-eabi/4.8.3/../../../../arm-none-eabi/lib/armv6-m/libc_s.a(lib_a-stdio.o)
                0x0000000000001190                __sseek
 .text.__sclose
                0x00000000000011bc        0xc /opt/arduino-1.5.7/hardware/tools/gcc-arm-none-eabi-4.8.3-2014q1/bin/../lib/gcc/arm-none-eabi/4.8.3/../../../../arm-none-eabi/lib/armv6-m/libc_s.a(lib_a-stdio.o)
                0x00000000000011bc                __sclose
 .text._close_r
                0x00000000000011c8       0x24 /opt/arduino-1.5.7/hardware/tools/gcc-arm-none-eabi-4.8.3-2014q1/bin/../lib/gcc/arm-none-eabi/4.8.3/../../../../arm-none-eabi/lib/armv6-m/libc_s.a(lib_a-closer.o)
                0x00000000000011c8                _close_r
 .text._fstat_r
                0x00000000000011ec       0x24 /opt/arduino-1.5.7/hardware/tools/gcc-arm-none-eabi-4.8.3-2014q1/bin/../lib/gcc/arm-none-eabi/4.8.3/../../../../arm-none-eabi/lib/armv6-m/libc_s.a(lib_a-fstatr.o)
                0x00000000000011ec                _fstat_r
 .text._isatty_r
                0x0000000000001210       0x24 /opt/arduino-1.5.7/hardware/tools/gcc-arm-none-eabi-4.8.3-2014q1/bin/../lib/gcc/arm-none-eabi/4.8.3/../../../../arm-none-eabi/lib/armv6-m/libc_s.a(lib_a-isattyr.o)
                0x0000000000001210                _isatty_r
 .text._lseek_r
                0x0000000000001234       0x28 /opt/arduino-1.5.7/hardware/tools/gcc-arm-none-eabi-4.8.3-2014q1/bin/../lib/gcc/arm-none-eabi/4.8.3/../../../../arm-none-eabi/lib/armv6-m/libc_s.a(lib_a-lseekr.o)
                0x0000000000001234                _lseek_r
 .text._read_r  0x000000000000125c       0x28 /opt/arduino-1.5.7/hardware/tools/gcc-arm-none-eabi-4.8.3-2014q1/bin/../lib/gcc/arm-none-eabi/4.8.3/../../../../arm-none-eabi/lib/armv6-m/libc_s.a(lib_a-readr.o)
                0x000000000000125c                _read_r
 *(.init)
 .init          0x0000000000001284        0x4 /opt/arduino-1.5.7/hardware/tools/gcc-arm-none-eabi-4.8.3-2014q1/bin/../lib/gcc/arm-none-eabi/4.8.3/armv6-m/crti.o
                0x0000000000001284                _init
 .init          0x0000000000001288        0x8 /opt/arduino-1.5.7/hardware/tools/gcc-arm-none-eabi-4.8.3-2014q1/bin/../lib/gcc/arm-none-eabi/4.8.3/armv6-m/crtn.o
 *(.fini)
 .fini          0x0000000000001290        0x4 /opt/arduino-1.5.7/hardware/tools/gcc-arm-none-eabi-4.8.3-2014q1/bin/../lib/gcc/arm-none-eabi/4.8.3/armv6-m/crti.o
                0x0000000000001290                _fini
 .fini          0x0000000000001294        0x8 /opt/arduino-1.5.7/hardware/tools/gcc-arm-none-eabi-4.8.3-2014q1/bin/../lib/gcc/arm-none-eabi/4.8.3/armv6-m/crtn.o
 *crtbegin.o(.ctors)
 *crtbegin?.o(.ctors)
 *(EXCLUDE_FILE(*crtend.o *crtend?.o) .ctors)
 *(SORT(.ctors.*))
 *(.ctors)
 *crtbegin.o(.dtors)
 *crtbegin?.o(.dtors)
 *(EXCLUDE_FILE(*crtend.o *crtend?.o) .dtors)
 *(SORT(.dtors.*))
 *(.dtors)
 *(.rodata*)
 .rodata.str1.1
                0x000000000000129c       0x19 /tmp/build2854674180972588472.tmp/syscalls.c.o
 .rodata.str1.1
                0x00000000000012b5        0x2 /opt/arduino-1.5.7/hardware/tools/gcc-arm-none-eabi-4.8.3-2014q1/bin/../lib/gcc/arm-none-eabi/4.8.3/../../../../arm-none-eabi/lib/armv6-m/libc_s.a(lib_a-impure.o)
 *fill*         0x00000000000012b7        0x1 
 .rodata._global_impure_ptr
                0x00000000000012b8        0x4 /opt/arduino-1.5.7/hardware/tools/gcc-arm-none-eabi-4.8.3-2014q1/bin/../lib/gcc/arm-none-eabi/4.8.3/../../../../arm-none-eabi/lib/armv6-m/libc_s.a(lib_a-impure.o)
                0x00000000000012b8                _global_impure_ptr
 .rodata.str1.1
                0x00000000000012bc       0x11 /opt/arduino-1.5.7/hardware/tools/gcc-arm-none-eabi-4.8.3-2014q1/bin/../lib/gcc/arm-none-eabi/4.8.3/../../../../arm-none-eabi/lib/armv6-m/libc_s.a(lib_a-vfprintf.o)
 .rodata.str1.1
                0x00000000000012cd       0x22 /opt/arduino-1.5.7/hardware/tools/gcc-arm-none-eabi-4.8.3-2014q1/bin/../lib/gcc/arm-none-eabi/4.8.3/../../../../arm-none-eabi/lib/armv6-m/libc_s.a(lib_a-vfprintf_i.o)
 *fill*         0x00000000000012ef        0x1 
 .rodata.__sf_fake_stdin
                0x00000000000012f0       0x20 /opt/arduino-1.5.7/hardware/tools/gcc-arm-none-eabi-4.8.3-2014q1/bin/../lib/gcc/arm-none-eabi/4.8.3/../../../../arm-none-eabi/lib/armv6-m/libc_s.a(lib_a-findfp.o)
                0x00000000000012f0                __sf_fake_stdin
 .rodata.__sf_fake_stdout
                0x0000000000001310       0x20 /opt/arduino-1.5.7/hardware/tools/gcc-arm-none-eabi-4.8.3-2014q1/bin/../lib/gcc/arm-none-eabi/4.8.3/../../../../arm-none-eabi/lib/armv6-m/libc_s.a(lib_a-findfp.o)
                0x0000000000001310                __sf_fake_stdout
 .rodata.__sf_fake_stderr
                0x0000000000001330       0x20 /opt/arduino-1.5.7/hardware/tools/gcc-arm-none-eabi-4.8.3-2014q1/bin/../lib/gcc/arm-none-eabi/4.8.3/../../../../arm-none-eabi/lib/armv6-m/libc_s.a(lib_a-findfp.o)
                0x0000000000001330                __sf_fake_stderr
 *(.eh_frame*)

.glue_7         0x0000000000001350        0x0
 .glue_7        0x0000000000000000        0x0 linker stubs

.glue_7t        0x0000000000001350        0x0
 .glue_7t       0x0000000000000000        0x0 linker stubs

.vfp11_veneer   0x0000000000001350        0x0
 .vfp11_veneer  0x0000000000000000        0x0 linker stubs

.v4_bx          0x0000000000001350        0x0
 .v4_bx         0x0000000000000000        0x0 linker stubs

.iplt           0x0000000000001350        0x0
 .iplt          0x0000000000000000        0x0 /opt/arduino-1.5.7/hardware/tools/gcc-arm-none-eabi-4.8.3-2014q1/bin/../lib/gcc/arm-none-eabi/4.8.3/armv6-m/crtbegin.o

.ARM.extab
 *(.ARM.extab* .gnu.linkonce.armextab.*)
                0x0000000000001350                __exidx_start = .

.ARM.exidx      0x0000000000001350        0x8
 *(.ARM.exidx* .gnu.linkonce.armexidx.*)
 .ARM.exidx     0x0000000000001350        0x8 /opt/arduino-1.5.7/hardware/tools/gcc-arm-none-eabi-4.8.3-2014q1/bin/../lib/gcc/arm-none-eabi/4.8.3/../../../../arm-none-eabi/lib/armv6-m/crt0.o
 .ARM.exidx     0x0000000000001358        0x0 /opt/arduino-1.5.7/hardware/arduino/RFduino/variants/nRF51/libnRF51System.a(startup_nrf51822.o)
                                          0x8 (size before relaxing)
                0x0000000000001358                __exidx_end = .
                0x0000000000001358                __etext = .

.rel.dyn        0x0000000000001358        0x0
 .rel.iplt      0x0000000000000000        0x0 /opt/arduino-1.5.7/hardware/tools/gcc-arm-none-eabi-4.8.3-2014q1/bin/../lib/gcc/arm-none-eabi/4.8.3/armv6-m/crtbegin.o

.data           0x0000000020000000       0x64 load address 0x0000000000001358
                0x0000000020000000                __data_start__ = .
 *(vtable)
 *(.data*)
 .data.impure_data
                0x0000000020000000       0x60 /opt/arduino-1.5.7/hardware/tools/gcc-arm-none-eabi-4.8.3-2014q1/bin/../lib/gcc/arm-none-eabi/4.8.3/../../../../arm-none-eabi/lib/armv6-m/libc_s.a(lib_a-impure.o)
 .data._impure_ptr
                0x0000000020000060        0x4 /opt/arduino-1.5.7/hardware/tools/gcc-arm-none-eabi-4.8.3-2014q1/bin/../lib/gcc/arm-none-eabi/4.8.3/../../../../arm-none-eabi/lib/armv6-m/libc_s.a(lib_a-impure.o)
                0x0000000020000060                _impure_ptr
                0x0000000020000064                . = ALIGN (0x4)
                0x0000000020000064                PROVIDE (__preinit_array_start, .)
 *(.preinit_array)
                0x0000000020000064                PROVIDE (__preinit_array_end, .)
                0x0000000020000064                . = ALIGN (0x4)
                0x0000000020000064                PROVIDE (__init_array_start, .)
 *(SORT(.init_array.*))
 *(.init_array)
                0x0000000020000064                PROVIDE (__init_array_end, .)
                0x0000000020000064                . = ALIGN (0x4)
                0x0000000020000064                PROVIDE (__fini_array_start, .)
 *(SORT(.fini_array.*))
 *(.fini_array)
                0x0000000020000064                PROVIDE (__fini_array_end, .)
 *(.jcr)
                0x0000000020000064                . = ALIGN (0x4)
                0x0000000020000064                __data_end__ = .

.igot.plt       0x0000000020000064        0x0 load address 0x00000000000013bc
 .igot.plt      0x0000000000000000        0x0 /opt/arduino-1.5.7/hardware/tools/gcc-arm-none-eabi-4.8.3-2014q1/bin/../lib/gcc/arm-none-eabi/4.8.3/armv6-m/crtbegin.o

.bss            0x0000000020000064       0x30 load address 0x00000000000013bc
                0x0000000020000064                . = ALIGN (0x4)
                0x0000000020000064                __bss_start__ = .
 *(.bss*)
 .bss.heap.4683
                0x0000000020000064        0x4 /tmp/build2854674180972588472.tmp/syscalls.c.o
 .bss.UART0_State
                0x0000000020000068        0x1 /tmp/build2854674180972588472.tmp/variant.cpp.o
                0x0000000020000068                UART0_State
 *fill*         0x0000000020000069        0x3 
 .bss.Serial    0x000000002000006c       0x1c /tmp/build2854674180972588472.tmp/variant.cpp.o
                0x000000002000006c                Serial
 .bss.__malloc_sbrk_start
                0x0000000020000088        0x4 /opt/arduino-1.5.7/hardware/tools/gcc-arm-none-eabi-4.8.3-2014q1/bin/../lib/gcc/arm-none-eabi/4.8.3/../../../../arm-none-eabi/lib/armv6-m/libc_s.a(lib_a-nano-mallocr.o)
                0x0000000020000088                __malloc_sbrk_start
 .bss.__malloc_free_list
                0x000000002000008c        0x4 /opt/arduino-1.5.7/hardware/tools/gcc-arm-none-eabi-4.8.3-2014q1/bin/../lib/gcc/arm-none-eabi/4.8.3/../../../../arm-none-eabi/lib/armv6-m/libc_s.a(lib_a-nano-mallocr.o)
                0x000000002000008c                __malloc_free_list
 *(COMMON)
 COMMON         0x0000000020000090        0x4 /opt/arduino-1.5.7/hardware/tools/gcc-arm-none-eabi-4.8.3-2014q1/bin/../lib/gcc/arm-none-eabi/4.8.3/../../../../arm-none-eabi/lib/armv6-m/libc_s.a(lib_a-reent.o)
                0x0000000020000090                errno
                0x0000000020000094                . = ALIGN (0x4)
                0x0000000020000094                __bss_end__ = .

.heap           0x0000000020000098      0x800
                0x0000000020000098                __end__ = .
                0x0000000020000098                end = __end__
 *(.heap*)
 .heap          0x0000000020000098      0x800 /opt/arduino-1.5.7/hardware/arduino/RFduino/variants/nRF51/libnRF51System.a(startup_nrf51822.o)
                0x0000000020000098                __HeapBase
                0x0000000020000898                __HeapLimit = .

.stack_dummy    0x0000000020000098      0x800
 *(.stack*)
 .stack         0x0000000020000098      0x800 /opt/arduino-1.5.7/hardware/arduino/RFduino/variants/nRF51/libnRF51System.a(startup_nrf51822.o)
                0x0000000020004000                __StackTop = (ORIGIN (RAM) + 0x4000)
                0x0000000020003800                __StackLimit = (__StackTop - SIZEOF (.stack_dummy))
                0x0000000020004000                PROVIDE (__stack, __StackTop)
                0x0000000000000001                ASSERT ((__StackLimit >= __HeapLimit), region RAM overflowed with stack)
OUTPUT(/tmp/build2854674180972588472.tmp/rdfblink.cpp.elf elf32-littlearm)

.ARM.attributes
                0x0000000000000000       0x28
 .ARM.attributes
                0x0000000000000000       0x1e /opt/arduino-1.5.7/hardware/tools/gcc-arm-none-eabi-4.8.3-2014q1/bin/../lib/gcc/arm-none-eabi/4.8.3/armv6-m/crti.o
 .ARM.attributes
                0x000000000000001e       0x1b /opt/arduino-1.5.7/hardware/tools/gcc-arm-none-eabi-4.8.3-2014q1/bin/../lib/gcc/arm-none-eabi/4.8.3/../../../../arm-none-eabi/lib/armv6-m/crt0.o
 .ARM.attributes
                0x0000000000000039       0x31 /tmp/build2854674180972588472.tmp/syscalls.c.o
 .ARM.attributes
                0x000000000000006a       0x31 /tmp/build2854674180972588472.tmp/rdfblink.cpp.o
 .ARM.attributes
                0x000000000000009b       0x31 /tmp/build2854674180972588472.tmp/variant.cpp.o
 .ARM.attributes
                0x00000000000000cc       0x1b /opt/arduino-1.5.7/hardware/arduino/RFduino/variants/nRF51/libnRF51System.a(startup_nrf51822.o)
 .ARM.attributes
                0x00000000000000e7       0x31 /opt/arduino-1.5.7/hardware/arduino/RFduino/variants/nRF51/libnRF51System.a(system_nrf51.o)
 .ARM.attributes
                0x0000000000000118       0x31 /tmp/build2854674180972588472.tmp/core.a(RingBuffer.cpp.o)
 .ARM.attributes
                0x0000000000000149       0x31 /tmp/build2854674180972588472.tmp/core.a(UARTClass.cpp.o)
 .ARM.attributes
                0x000000000000017a       0x31 /tmp/build2854674180972588472.tmp/core.a(main.cpp.o)
 .ARM.attributes
                0x00000000000001ab       0x1e /opt/arduino-1.5.7/hardware/tools/gcc-arm-none-eabi-4.8.3-2014q1/bin/../lib/gcc/arm-none-eabi/4.8.3/armv6-m/libgcc.a(_udivsi3.o)
 .ARM.attributes
                0x00000000000001c9       0x1e /opt/arduino-1.5.7/hardware/tools/gcc-arm-none-eabi-4.8.3-2014q1/bin/../lib/gcc/arm-none-eabi/4.8.3/armv6-m/libgcc.a(_dvmd_tls.o)
 .ARM.attributes
                0x00000000000001e7       0x2c /opt/arduino-1.5.7/hardware/tools/gcc-arm-none-eabi-4.8.3-2014q1/bin/../lib/gcc/arm-none-eabi/4.8.3/../../../../arm-none-eabi/lib/armv6-m/libc_s.a(lib_a-exit.o)
 .ARM.attributes
                0x0000000000000213       0x2c /opt/arduino-1.5.7/hardware/tools/gcc-arm-none-eabi-4.8.3-2014q1/bin/../lib/gcc/arm-none-eabi/4.8.3/../../../../arm-none-eabi/lib/armv6-m/libc_s.a(lib_a-impure.o)
 .ARM.attributes
                0x000000000000023f       0x2c /opt/arduino-1.5.7/hardware/tools/gcc-arm-none-eabi-4.8.3-2014q1/bin/../lib/gcc/arm-none-eabi/4.8.3/../../../../arm-none-eabi/lib/armv6-m/libc_s.a(lib_a-init.o)
 .ARM.attributes
                0x000000000000026b       0x2c /opt/arduino-1.5.7/hardware/tools/gcc-arm-none-eabi-4.8.3-2014q1/bin/../lib/gcc/arm-none-eabi/4.8.3/../../../../arm-none-eabi/lib/armv6-m/libc_s.a(lib_a-memset.o)
 .ARM.attributes
                0x0000000000000297       0x2c /opt/arduino-1.5.7/hardware/tools/gcc-arm-none-eabi-4.8.3-2014q1/bin/../lib/gcc/arm-none-eabi/4.8.3/../../../../arm-none-eabi/lib/armv6-m/libc_s.a(lib_a-nano-freer.o)
 .ARM.attributes
                0x00000000000002c3       0x2c /opt/arduino-1.5.7/hardware/tools/gcc-arm-none-eabi-4.8.3-2014q1/bin/../lib/gcc/arm-none-eabi/4.8.3/../../../../arm-none-eabi/lib/armv6-m/libc_s.a(lib_a-nano-mallocr.o)
 .ARM.attributes
                0x00000000000002ef       0x2c /opt/arduino-1.5.7/hardware/tools/gcc-arm-none-eabi-4.8.3-2014q1/bin/../lib/gcc/arm-none-eabi/4.8.3/../../../../arm-none-eabi/lib/armv6-m/libc_s.a(lib_a-printf.o)
 .ARM.attributes
                0x000000000000031b       0x2c /opt/arduino-1.5.7/hardware/tools/gcc-arm-none-eabi-4.8.3-2014q1/bin/../lib/gcc/arm-none-eabi/4.8.3/../../../../arm-none-eabi/lib/armv6-m/libc_s.a(lib_a-sbrkr.o)
 .ARM.attributes
                0x0000000000000347       0x2c /opt/arduino-1.5.7/hardware/tools/gcc-arm-none-eabi-4.8.3-2014q1/bin/../lib/gcc/arm-none-eabi/4.8.3/../../../../arm-none-eabi/lib/armv6-m/libc_s.a(lib_a-strlen.o)
 .ARM.attributes
                0x0000000000000373       0x2c /opt/arduino-1.5.7/hardware/tools/gcc-arm-none-eabi-4.8.3-2014q1/bin/../lib/gcc/arm-none-eabi/4.8.3/../../../../arm-none-eabi/lib/armv6-m/libc_s.a(lib_a-vfprintf.o)
 .ARM.attributes
                0x000000000000039f       0x2c /opt/arduino-1.5.7/hardware/tools/gcc-arm-none-eabi-4.8.3-2014q1/bin/../lib/gcc/arm-none-eabi/4.8.3/../../../../arm-none-eabi/lib/armv6-m/libc_s.a(lib_a-vfprintf_i.o)
 .ARM.attributes
                0x00000000000003cb       0x2c /opt/arduino-1.5.7/hardware/tools/gcc-arm-none-eabi-4.8.3-2014q1/bin/../lib/gcc/arm-none-eabi/4.8.3/../../../../arm-none-eabi/lib/armv6-m/libc_s.a(lib_a-wbuf.o)
 .ARM.attributes
                0x00000000000003f7       0x2c /opt/arduino-1.5.7/hardware/tools/gcc-arm-none-eabi-4.8.3-2014q1/bin/../lib/gcc/arm-none-eabi/4.8.3/../../../../arm-none-eabi/lib/armv6-m/libc_s.a(lib_a-writer.o)
 .ARM.attributes
                0x0000000000000423       0x2c /opt/arduino-1.5.7/hardware/tools/gcc-arm-none-eabi-4.8.3-2014q1/bin/../lib/gcc/arm-none-eabi/4.8.3/../../../../arm-none-eabi/lib/armv6-m/libc_s.a(lib_a-wsetup.o)
 .ARM.attributes
                0x000000000000044f       0x2c /opt/arduino-1.5.7/hardware/tools/gcc-arm-none-eabi-4.8.3-2014q1/bin/../lib/gcc/arm-none-eabi/4.8.3/../../../../arm-none-eabi/lib/armv6-m/libc_s.a(lib_a-fflush.o)
 .ARM.attributes
                0x000000000000047b       0x2c /opt/arduino-1.5.7/hardware/tools/gcc-arm-none-eabi-4.8.3-2014q1/bin/../lib/gcc/arm-none-eabi/4.8.3/../../../../arm-none-eabi/lib/armv6-m/libc_s.a(lib_a-findfp.o)
 .ARM.attributes
                0x00000000000004a7       0x2c /opt/arduino-1.5.7/hardware/tools/gcc-arm-none-eabi-4.8.3-2014q1/bin/../lib/gcc/arm-none-eabi/4.8.3/../../../../arm-none-eabi/lib/armv6-m/libc_s.a(lib_a-makebuf.o)
 .ARM.attributes
                0x00000000000004d3       0x2c /opt/arduino-1.5.7/hardware/tools/gcc-arm-none-eabi-4.8.3-2014q1/bin/../lib/gcc/arm-none-eabi/4.8.3/../../../../arm-none-eabi/lib/armv6-m/libc_s.a(lib_a-memchr-stub.o)
 .ARM.attributes
                0x00000000000004ff       0x2c /opt/arduino-1.5.7/hardware/tools/gcc-arm-none-eabi-4.8.3-2014q1/bin/../lib/gcc/arm-none-eabi/4.8.3/../../../../arm-none-eabi/lib/armv6-m/libc_s.a(lib_a-reent.o)
 .ARM.attributes
                0x000000000000052b       0x2c /opt/arduino-1.5.7/hardware/tools/gcc-arm-none-eabi-4.8.3-2014q1/bin/../lib/gcc/arm-none-eabi/4.8.3/../../../../arm-none-eabi/lib/armv6-m/libc_s.a(lib_a-stdio.o)
 .ARM.attributes
                0x0000000000000557       0x2c /opt/arduino-1.5.7/hardware/tools/gcc-arm-none-eabi-4.8.3-2014q1/bin/../lib/gcc/arm-none-eabi/4.8.3/../../../../arm-none-eabi/lib/armv6-m/libc_s.a(lib_a-closer.o)
 .ARM.attributes
                0x0000000000000583       0x2c /opt/arduino-1.5.7/hardware/tools/gcc-arm-none-eabi-4.8.3-2014q1/bin/../lib/gcc/arm-none-eabi/4.8.3/../../../../arm-none-eabi/lib/armv6-m/libc_s.a(lib_a-fstatr.o)
 .ARM.attributes
                0x00000000000005af       0x2c /opt/arduino-1.5.7/hardware/tools/gcc-arm-none-eabi-4.8.3-2014q1/bin/../lib/gcc/arm-none-eabi/4.8.3/../../../../arm-none-eabi/lib/armv6-m/libc_s.a(lib_a-isattyr.o)
 .ARM.attributes
                0x00000000000005db       0x2c /opt/arduino-1.5.7/hardware/tools/gcc-arm-none-eabi-4.8.3-2014q1/bin/../lib/gcc/arm-none-eabi/4.8.3/../../../../arm-none-eabi/lib/armv6-m/libc_s.a(lib_a-lseekr.o)
 .ARM.attributes
                0x0000000000000607       0x2c /opt/arduino-1.5.7/hardware/tools/gcc-arm-none-eabi-4.8.3-2014q1/bin/../lib/gcc/arm-none-eabi/4.8.3/../../../../arm-none-eabi/lib/armv6-m/libc_s.a(lib_a-readr.o)
 .ARM.attributes
                0x0000000000000633       0x1e /opt/arduino-1.5.7/hardware/tools/gcc-arm-none-eabi-4.8.3-2014q1/bin/../lib/gcc/arm-none-eabi/4.8.3/armv6-m/crtn.o

.comment        0x0000000000000000       0x80
 .comment       0x0000000000000000       0x80 /tmp/build2854674180972588472.tmp/syscalls.c.o
                                         0x81 (size before relaxing)
 .comment       0x0000000000000000       0x81 /tmp/build2854674180972588472.tmp/rdfblink.cpp.o
 .comment       0x0000000000000000       0x81 /tmp/build2854674180972588472.tmp/variant.cpp.o
 .comment       0x0000000000000000       0x81 /opt/arduino-1.5.7/hardware/arduino/RFduino/variants/nRF51/libnRF51System.a(system_nrf51.o)
 .comment       0x0000000000000000       0x81 /tmp/build2854674180972588472.tmp/core.a(RingBuffer.cpp.o)
 .comment       0x0000000000000000       0x81 /tmp/build2854674180972588472.tmp/core.a(UARTClass.cpp.o)
 .comment       0x0000000000000000       0x81 /tmp/build2854674180972588472.tmp/core.a(main.cpp.o)

.debug_info     0x0000000000000000     0x352a
 .debug_info    0x0000000000000000      0x4cf /tmp/build2854674180972588472.tmp/syscalls.c.o
 .debug_info    0x00000000000004cf      0x29d /tmp/build2854674180972588472.tmp/rdfblink.cpp.o
 .debug_info    0x000000000000076c      0xf5a /tmp/build2854674180972588472.tmp/variant.cpp.o
 .debug_info    0x00000000000016c6      0x1f2 /tmp/build2854674180972588472.tmp/core.a(RingBuffer.cpp.o)
 .debug_info    0x00000000000018b8     0x1b92 /tmp/build2854674180972588472.tmp/core.a(UARTClass.cpp.o)
 .debug_info    0x000000000000344a       0xe0 /tmp/build2854674180972588472.tmp/core.a(main.cpp.o)

.debug_abbrev   0x0000000000000000      0xcd1
 .debug_abbrev  0x0000000000000000      0x186 /tmp/build2854674180972588472.tmp/syscalls.c.o
 .debug_abbrev  0x0000000000000186      0x133 /tmp/build2854674180972588472.tmp/rdfblink.cpp.o
 .debug_abbrev  0x00000000000002b9      0x3ed /tmp/build2854674180972588472.tmp/variant.cpp.o
 .debug_abbrev  0x00000000000006a6      0x170 /tmp/build2854674180972588472.tmp/core.a(RingBuffer.cpp.o)
 .debug_abbrev  0x0000000000000816      0x45d /tmp/build2854674180972588472.tmp/core.a(UARTClass.cpp.o)
 .debug_abbrev  0x0000000000000c73       0x5e /tmp/build2854674180972588472.tmp/core.a(main.cpp.o)

.debug_loc      0x0000000000000000      0x6c0
 .debug_loc     0x0000000000000000      0x1ea /tmp/build2854674180972588472.tmp/syscalls.c.o
 .debug_loc     0x00000000000001ea      0x211 /tmp/build2854674180972588472.tmp/variant.cpp.o
 .debug_loc     0x00000000000003fb       0x29 /tmp/build2854674180972588472.tmp/core.a(RingBuffer.cpp.o)
 .debug_loc     0x0000000000000424      0x29c /tmp/build2854674180972588472.tmp/core.a(UARTClass.cpp.o)

.debug_aranges  0x0000000000000000      0x1f8
 .debug_aranges
                0x0000000000000000       0x70 /tmp/build2854674180972588472.tmp/syscalls.c.o
 .debug_aranges
                0x0000000000000070       0x28 /tmp/build2854674180972588472.tmp/rdfblink.cpp.o
 .debug_aranges
                0x0000000000000098       0xa0 /tmp/build2854674180972588472.tmp/variant.cpp.o
 .debug_aranges
                0x0000000000000138       0x28 /tmp/build2854674180972588472.tmp/core.a(RingBuffer.cpp.o)
 .debug_aranges
                0x0000000000000160       0x78 /tmp/build2854674180972588472.tmp/core.a(UARTClass.cpp.o)
 .debug_aranges
                0x00000000000001d8       0x20 /tmp/build2854674180972588472.tmp/core.a(main.cpp.o)

.debug_ranges   0x0000000000000000      0x1f8
 .debug_ranges  0x0000000000000000       0x60 /tmp/build2854674180972588472.tmp/syscalls.c.o
 .debug_ranges  0x0000000000000060       0x48 /tmp/build2854674180972588472.tmp/rdfblink.cpp.o
 .debug_ranges  0x00000000000000a8       0xa8 /tmp/build2854674180972588472.tmp/variant.cpp.o
 .debug_ranges  0x0000000000000150       0x18 /tmp/build2854674180972588472.tmp/core.a(RingBuffer.cpp.o)
 .debug_ranges  0x0000000000000168       0x80 /tmp/build2854674180972588472.tmp/core.a(UARTClass.cpp.o)
 .debug_ranges  0x00000000000001e8       0x10 /tmp/build2854674180972588472.tmp/core.a(main.cpp.o)

.debug_line     0x0000000000000000      0xfc3
 .debug_line    0x0000000000000000      0x29b /tmp/build2854674180972588472.tmp/syscalls.c.o
 .debug_line    0x000000000000029b      0x1a9 /tmp/build2854674180972588472.tmp/rdfblink.cpp.o
 .debug_line    0x0000000000000444      0x4fb /tmp/build2854674180972588472.tmp/variant.cpp.o
 .debug_line    0x000000000000093f      0x1f6 /tmp/build2854674180972588472.tmp/core.a(RingBuffer.cpp.o)
 .debug_line    0x0000000000000b35      0x3fc /tmp/build2854674180972588472.tmp/core.a(UARTClass.cpp.o)
 .debug_line    0x0000000000000f31       0x92 /tmp/build2854674180972588472.tmp/core.a(main.cpp.o)

.debug_str      0x0000000000000000     0x1969
 .debug_str     0x0000000000000000      0x2b1 /tmp/build2854674180972588472.tmp/syscalls.c.o
                                        0x319 (size before relaxing)
 .debug_str     0x00000000000002b1      0x191 /tmp/build2854674180972588472.tmp/rdfblink.cpp.o
                                        0x259 (size before relaxing)
 .debug_str     0x0000000000000442      0x80b /tmp/build2854674180972588472.tmp/variant.cpp.o
                                        0xa67 (size before relaxing)
 .debug_str     0x0000000000000c4d       0x69 /tmp/build2854674180972588472.tmp/core.a(RingBuffer.cpp.o)
                                        0x22a (size before relaxing)
 .debug_str     0x0000000000000cb6      0xc6b /tmp/build2854674180972588472.tmp/core.a(UARTClass.cpp.o)
                                       0x1186 (size before relaxing)
 .debug_str     0x0000000000001921       0x48 /tmp/build2854674180972588472.tmp/core.a(main.cpp.o)
                                        0x1d0 (size before relaxing)

.debug_frame    0x0000000000000000      0xab8
 .debug_frame   0x0000000000000000       0xd4 /tmp/build2854674180972588472.tmp/syscalls.c.o
 .debug_frame   0x00000000000000d4       0x30 /tmp/build2854674180972588472.tmp/rdfblink.cpp.o
 .debug_frame   0x0000000000000104      0x180 /tmp/build2854674180972588472.tmp/variant.cpp.o
 .debug_frame   0x0000000000000284       0x38 /tmp/build2854674180972588472.tmp/core.a(RingBuffer.cpp.o)
 .debug_frame   0x00000000000002bc      0x108 /tmp/build2854674180972588472.tmp/core.a(UARTClass.cpp.o)
 .debug_frame   0x00000000000003c4       0x28 /tmp/build2854674180972588472.tmp/core.a(main.cpp.o)
 .debug_frame   0x00000000000003ec       0x20 /opt/arduino-1.5.7/hardware/tools/gcc-arm-none-eabi-4.8.3-2014q1/bin/../lib/gcc/arm-none-eabi/4.8.3/armv6-m/libgcc.a(_udivsi3.o)
 .debug_frame   0x000000000000040c       0x28 /opt/arduino-1.5.7/hardware/tools/gcc-arm-none-eabi-4.8.3-2014q1/bin/../lib/gcc/arm-none-eabi/4.8.3/../../../../arm-none-eabi/lib/armv6-m/libc_s.a(lib_a-exit.o)
 .debug_frame   0x0000000000000434       0x2c /opt/arduino-1.5.7/hardware/tools/gcc-arm-none-eabi-4.8.3-2014q1/bin/../lib/gcc/arm-none-eabi/4.8.3/../../../../arm-none-eabi/lib/armv6-m/libc_s.a(lib_a-init.o)
 .debug_frame   0x0000000000000460       0x20 /opt/arduino-1.5.7/hardware/tools/gcc-arm-none-eabi-4.8.3-2014q1/bin/../lib/gcc/arm-none-eabi/4.8.3/../../../../arm-none-eabi/lib/armv6-m/libc_s.a(lib_a-memset.o)
 .debug_frame   0x0000000000000480       0x2c /opt/arduino-1.5.7/hardware/tools/gcc-arm-none-eabi-4.8.3-2014q1/bin/../lib/gcc/arm-none-eabi/4.8.3/../../../../arm-none-eabi/lib/armv6-m/libc_s.a(lib_a-nano-freer.o)
 .debug_frame   0x00000000000004ac       0x2c /opt/arduino-1.5.7/hardware/tools/gcc-arm-none-eabi-4.8.3-2014q1/bin/../lib/gcc/arm-none-eabi/4.8.3/../../../../arm-none-eabi/lib/armv6-m/libc_s.a(lib_a-nano-mallocr.o)
 .debug_frame   0x00000000000004d8       0x50 /opt/arduino-1.5.7/hardware/tools/gcc-arm-none-eabi-4.8.3-2014q1/bin/../lib/gcc/arm-none-eabi/4.8.3/../../../../arm-none-eabi/lib/armv6-m/libc_s.a(lib_a-printf.o)
 .debug_frame   0x0000000000000528       0x2c /opt/arduino-1.5.7/hardware/tools/gcc-arm-none-eabi-4.8.3-2014q1/bin/../lib/gcc/arm-none-eabi/4.8.3/../../../../arm-none-eabi/lib/armv6-m/libc_s.a(lib_a-sbrkr.o)
 .debug_frame   0x0000000000000554       0x20 /opt/arduino-1.5.7/hardware/tools/gcc-arm-none-eabi-4.8.3-2014q1/bin/../lib/gcc/arm-none-eabi/4.8.3/../../../../arm-none-eabi/lib/armv6-m/libc_s.a(lib_a-strlen.o)
 .debug_frame   0x0000000000000574       0xa0 /opt/arduino-1.5.7/hardware/tools/gcc-arm-none-eabi-4.8.3-2014q1/bin/../lib/gcc/arm-none-eabi/4.8.3/../../../../arm-none-eabi/lib/armv6-m/libc_s.a(lib_a-vfprintf.o)
 .debug_frame   0x0000000000000614       0x54 /opt/arduino-1.5.7/hardware/tools/gcc-arm-none-eabi-4.8.3-2014q1/bin/../lib/gcc/arm-none-eabi/4.8.3/../../../../arm-none-eabi/lib/armv6-m/libc_s.a(lib_a-vfprintf_i.o)
 .debug_frame   0x0000000000000668       0x44 /opt/arduino-1.5.7/hardware/tools/gcc-arm-none-eabi-4.8.3-2014q1/bin/../lib/gcc/arm-none-eabi/4.8.3/../../../../arm-none-eabi/lib/armv6-m/libc_s.a(lib_a-wbuf.o)
 .debug_frame   0x00000000000006ac       0x2c /opt/arduino-1.5.7/hardware/tools/gcc-arm-none-eabi-4.8.3-2014q1/bin/../lib/gcc/arm-none-eabi/4.8.3/../../../../arm-none-eabi/lib/armv6-m/libc_s.a(lib_a-writer.o)
 .debug_frame   0x00000000000006d8       0x2c /opt/arduino-1.5.7/hardware/tools/gcc-arm-none-eabi-4.8.3-2014q1/bin/../lib/gcc/arm-none-eabi/4.8.3/../../../../arm-none-eabi/lib/armv6-m/libc_s.a(lib_a-wsetup.o)
 .debug_frame   0x0000000000000704       0x68 /opt/arduino-1.5.7/hardware/tools/gcc-arm-none-eabi-4.8.3-2014q1/bin/../lib/gcc/arm-none-eabi/4.8.3/../../../../arm-none-eabi/lib/armv6-m/libc_s.a(lib_a-fflush.o)
 .debug_frame   0x000000000000076c      0x148 /opt/arduino-1.5.7/hardware/tools/gcc-arm-none-eabi-4.8.3-2014q1/bin/../lib/gcc/arm-none-eabi/4.8.3/../../../../arm-none-eabi/lib/armv6-m/libc_s.a(lib_a-findfp.o)
 .debug_frame   0x00000000000008b4       0x30 /opt/arduino-1.5.7/hardware/tools/gcc-arm-none-eabi-4.8.3-2014q1/bin/../lib/gcc/arm-none-eabi/4.8.3/../../../../arm-none-eabi/lib/armv6-m/libc_s.a(lib_a-makebuf.o)
 .debug_frame   0x00000000000008e4       0x20 /opt/arduino-1.5.7/hardware/tools/gcc-arm-none-eabi-4.8.3-2014q1/bin/../lib/gcc/arm-none-eabi/4.8.3/../../../../arm-none-eabi/lib/armv6-m/libc_s.a(lib_a-memchr-stub.o)
 .debug_frame   0x0000000000000904       0x48 /opt/arduino-1.5.7/hardware/tools/gcc-arm-none-eabi-4.8.3-2014q1/bin/../lib/gcc/arm-none-eabi/4.8.3/../../../../arm-none-eabi/lib/armv6-m/libc_s.a(lib_a-reent.o)
 .debug_frame   0x000000000000094c       0x90 /opt/arduino-1.5.7/hardware/tools/gcc-arm-none-eabi-4.8.3-2014q1/bin/../lib/gcc/arm-none-eabi/4.8.3/../../../../arm-none-eabi/lib/armv6-m/libc_s.a(lib_a-stdio.o)
 .debug_frame   0x00000000000009dc       0x2c /opt/arduino-1.5.7/hardware/tools/gcc-arm-none-eabi-4.8.3-2014q1/bin/../lib/gcc/arm-none-eabi/4.8.3/../../../../arm-none-eabi/lib/armv6-m/libc_s.a(lib_a-closer.o)
 .debug_frame   0x0000000000000a08       0x2c /opt/arduino-1.5.7/hardware/tools/gcc-arm-none-eabi-4.8.3-2014q1/bin/../lib/gcc/arm-none-eabi/4.8.3/../../../../arm-none-eabi/lib/armv6-m/libc_s.a(lib_a-fstatr.o)
 .debug_frame   0x0000000000000a34       0x2c /opt/arduino-1.5.7/hardware/tools/gcc-arm-none-eabi-4.8.3-2014q1/bin/../lib/gcc/arm-none-eabi/4.8.3/../../../../arm-none-eabi/lib/armv6-m/libc_s.a(lib_a-isattyr.o)
 .debug_frame   0x0000000000000a60       0x2c /opt/arduino-1.5.7/hardware/tools/gcc-arm-none-eabi-4.8.3-2014q1/bin/../lib/gcc/arm-none-eabi/4.8.3/../../../../arm-none-eabi/lib/armv6-m/libc_s.a(lib_a-lseekr.o)
 .debug_frame   0x0000000000000a8c       0x2c /opt/arduino-1.5.7/hardware/tools/gcc-arm-none-eabi-4.8.3-2014q1/bin/../lib/gcc/arm-none-eabi/4.8.3/../../../../arm-none-eabi/lib/armv6-m/libc_s.a(lib_a-readr.o)

Cross Reference Table

Symbol                                            File
ADC_IRQHandler                                    /opt/arduino-1.5.7/hardware/arduino/RFduino/variants/nRF51/libnRF51System.a(startup_nrf51822.o)
CCM_AAR_IRQHandler                                /opt/arduino-1.5.7/hardware/arduino/RFduino/variants/nRF51/libnRF51System.a(startup_nrf51822.o)
Default_Handler                                   /opt/arduino-1.5.7/hardware/arduino/RFduino/variants/nRF51/libnRF51System.a(startup_nrf51822.o)
ECB_IRQHandler                                    /opt/arduino-1.5.7/hardware/arduino/RFduino/variants/nRF51/libnRF51System.a(startup_nrf51822.o)
GPIOTE_Channels_Occupied                          /tmp/build2854674180972588472.tmp/variant.cpp.o
GPIOTE_IRQHandler                                 /opt/arduino-1.5.7/hardware/arduino/RFduino/variants/nRF51/libnRF51System.a(startup_nrf51822.o)
HardFault_Handler                                 /opt/arduino-1.5.7/hardware/arduino/RFduino/variants/nRF51/libnRF51System.a(startup_nrf51822.o)
LPCOMP_IRQHandler                                 /opt/arduino-1.5.7/hardware/arduino/RFduino/variants/nRF51/libnRF51System.a(startup_nrf51822.o)
NMI_Handler                                       /opt/arduino-1.5.7/hardware/arduino/RFduino/variants/nRF51/libnRF51System.a(startup_nrf51822.o)
POWER_CLOCK_IRQHandler                            /opt/arduino-1.5.7/hardware/arduino/RFduino/variants/nRF51/libnRF51System.a(startup_nrf51822.o)
PPI_Channels_Occupied                             /tmp/build2854674180972588472.tmp/variant.cpp.o
PendSV_Handler                                    /opt/arduino-1.5.7/hardware/arduino/RFduino/variants/nRF51/libnRF51System.a(startup_nrf51822.o)
Pin_Occupied_for_PWM                              /tmp/build2854674180972588472.tmp/variant.cpp.o
Print::print(Printable const&)                    /tmp/build2854674180972588472.tmp/core.a(Print.cpp.o)
Print::print(String const&)                       /tmp/build2854674180972588472.tmp/core.a(Print.cpp.o)
Print::print(__FlashStringHelper const*)          /tmp/build2854674180972588472.tmp/core.a(Print.cpp.o)
Print::print(char const*)                         /tmp/build2854674180972588472.tmp/core.a(Print.cpp.o)
Print::print(char)                                /tmp/build2854674180972588472.tmp/core.a(Print.cpp.o)
Print::print(double, int)                         /tmp/build2854674180972588472.tmp/core.a(Print.cpp.o)
Print::print(int, int)                            /tmp/build2854674180972588472.tmp/core.a(Print.cpp.o)
Print::print(long, int)                           /tmp/build2854674180972588472.tmp/core.a(Print.cpp.o)
Print::print(unsigned char, int)                  /tmp/build2854674180972588472.tmp/core.a(Print.cpp.o)
Print::print(unsigned int, int)                   /tmp/build2854674180972588472.tmp/core.a(Print.cpp.o)
Print::print(unsigned long, int)                  /tmp/build2854674180972588472.tmp/core.a(Print.cpp.o)
Print::printFloat(double, unsigned char)          /tmp/build2854674180972588472.tmp/core.a(Print.cpp.o)
Print::printNumber(unsigned long, unsigned char)  /tmp/build2854674180972588472.tmp/core.a(Print.cpp.o)
Print::printf(char const*, ...)                   /tmp/build2854674180972588472.tmp/core.a(Print.cpp.o)
Print::println()                                  /tmp/build2854674180972588472.tmp/core.a(Print.cpp.o)
Print::println(Printable const&)                  /tmp/build2854674180972588472.tmp/core.a(Print.cpp.o)
Print::println(String const&)                     /tmp/build2854674180972588472.tmp/core.a(Print.cpp.o)
Print::println(__FlashStringHelper const*)        /tmp/build2854674180972588472.tmp/core.a(Print.cpp.o)
Print::println(char const*)                       /tmp/build2854674180972588472.tmp/core.a(Print.cpp.o)
Print::println(char)                              /tmp/build2854674180972588472.tmp/core.a(Print.cpp.o)
Print::println(double, int)                       /tmp/build2854674180972588472.tmp/core.a(Print.cpp.o)
Print::println(int, int)                          /tmp/build2854674180972588472.tmp/core.a(Print.cpp.o)
Print::println(long, int)                         /tmp/build2854674180972588472.tmp/core.a(Print.cpp.o)
Print::println(unsigned char, int)                /tmp/build2854674180972588472.tmp/core.a(Print.cpp.o)
Print::println(unsigned int, int)                 /tmp/build2854674180972588472.tmp/core.a(Print.cpp.o)
Print::println(unsigned long, int)                /tmp/build2854674180972588472.tmp/core.a(Print.cpp.o)
Print::write(char const*)                         /tmp/build2854674180972588472.tmp/core.a(Print.cpp.o)
Print::write(unsigned char const*, unsigned int)  /tmp/build2854674180972588472.tmp/core.a(Print.cpp.o)
                                                  /tmp/build2854674180972588472.tmp/core.a(UARTClass.cpp.o)
QDEC_IRQHandler                                   /opt/arduino-1.5.7/hardware/arduino/RFduino/variants/nRF51/libnRF51System.a(startup_nrf51822.o)
RADIO_IRQHandler                                  /opt/arduino-1.5.7/hardware/arduino/RFduino/variants/nRF51/libnRF51System.a(startup_nrf51822.o)
RFduinoBLE_enabled                                /tmp/build2854674180972588472.tmp/variant.cpp.o
RFduino_pinWakeCallback                           /tmp/build2854674180972588472.tmp/core.a(WInterrupts.c.o)
RNG_IRQHandler                                    /opt/arduino-1.5.7/hardware/arduino/RFduino/variants/nRF51/libnRF51System.a(startup_nrf51822.o)
RTC0_IRQHandler                                   /opt/arduino-1.5.7/hardware/arduino/RFduino/variants/nRF51/libnRF51System.a(startup_nrf51822.o)
RTC1_IRQHandler                                   /opt/arduino-1.5.7/hardware/arduino/RFduino/variants/nRF51/libnRF51System.a(startup_nrf51822.o)
RTC1_Interrupt                                    /tmp/build2854674180972588472.tmp/core.a(wiring.c.o)
                                                  /tmp/build2854674180972588472.tmp/variant.cpp.o
Reset_Handler                                     /opt/arduino-1.5.7/hardware/arduino/RFduino/variants/nRF51/libnRF51System.a(startup_nrf51822.o)
RingBuffer::RingBuffer()                          /tmp/build2854674180972588472.tmp/core.a(RingBuffer.cpp.o)
                                                  /tmp/build2854674180972588472.tmp/variant.cpp.o
RingBuffer::RingBuffer()                          /tmp/build2854674180972588472.tmp/core.a(RingBuffer.cpp.o)
RingBuffer::store_char(unsigned char)             /tmp/build2854674180972588472.tmp/core.a(RingBuffer.cpp.o)
                                                  /tmp/build2854674180972588472.tmp/core.a(UARTClass.cpp.o)
SPI0_TWI0_IRQHandler                              /opt/arduino-1.5.7/hardware/arduino/RFduino/variants/nRF51/libnRF51System.a(startup_nrf51822.o)
SPI1_TWI1_IRQHandler                              /opt/arduino-1.5.7/hardware/arduino/RFduino/variants/nRF51/libnRF51System.a(startup_nrf51822.o)
SVC_Handler                                       /opt/arduino-1.5.7/hardware/arduino/RFduino/variants/nRF51/libnRF51System.a(startup_nrf51822.o)
SWI0_IRQHandler                                   /opt/arduino-1.5.7/hardware/arduino/RFduino/variants/nRF51/libnRF51System.a(startup_nrf51822.o)
SWI1_IRQHandler                                   /opt/arduino-1.5.7/hardware/arduino/RFduino/variants/nRF51/libnRF51System.a(startup_nrf51822.o)
SWI2_IRQHandler                                   /opt/arduino-1.5.7/hardware/arduino/RFduino/variants/nRF51/libnRF51System.a(startup_nrf51822.o)
SWI3_IRQHandler                                   /opt/arduino-1.5.7/hardware/arduino/RFduino/variants/nRF51/libnRF51System.a(startup_nrf51822.o)
SWI4_IRQHandler                                   /opt/arduino-1.5.7/hardware/arduino/RFduino/variants/nRF51/libnRF51System.a(startup_nrf51822.o)
SWI5_IRQHandler                                   /opt/arduino-1.5.7/hardware/arduino/RFduino/variants/nRF51/libnRF51System.a(startup_nrf51822.o)
Serial                                            /tmp/build2854674180972588472.tmp/variant.cpp.o
String::String(String const&)                     /tmp/build2854674180972588472.tmp/core.a(WString.cpp.o)
String::String(String const&)                     /tmp/build2854674180972588472.tmp/core.a(WString.cpp.o)
String::String(char const*)                       /tmp/build2854674180972588472.tmp/core.a(WString.cpp.o)
String::String(char const*)                       /tmp/build2854674180972588472.tmp/core.a(WString.cpp.o)
String::String(char)                              /tmp/build2854674180972588472.tmp/core.a(WString.cpp.o)
String::String(char)                              /tmp/build2854674180972588472.tmp/core.a(WString.cpp.o)
String::String(int, unsigned char)                /tmp/build2854674180972588472.tmp/core.a(WString.cpp.o)
String::String(int, unsigned char)                /tmp/build2854674180972588472.tmp/core.a(WString.cpp.o)
String::String(long, unsigned char)               /tmp/build2854674180972588472.tmp/core.a(WString.cpp.o)
String::String(long, unsigned char)               /tmp/build2854674180972588472.tmp/core.a(WString.cpp.o)
String::String(unsigned char, unsigned char)      /tmp/build2854674180972588472.tmp/core.a(WString.cpp.o)
String::String(unsigned char, unsigned char)      /tmp/build2854674180972588472.tmp/core.a(WString.cpp.o)
String::String(unsigned int, unsigned char)       /tmp/build2854674180972588472.tmp/core.a(WString.cpp.o)
String::String(unsigned int, unsigned char)       /tmp/build2854674180972588472.tmp/core.a(WString.cpp.o)
String::String(unsigned long, unsigned char)      /tmp/build2854674180972588472.tmp/core.a(WString.cpp.o)
String::String(unsigned long, unsigned char)      /tmp/build2854674180972588472.tmp/core.a(WString.cpp.o)
String::changeBuffer(unsigned int)                /tmp/build2854674180972588472.tmp/core.a(WString.cpp.o)
String::charAt(unsigned int) const                /tmp/build2854674180972588472.tmp/core.a(WString.cpp.o)
String::compareTo(String const&) const            /tmp/build2854674180972588472.tmp/core.a(WString.cpp.o)
String::concat(String const&)                     /tmp/build2854674180972588472.tmp/core.a(WString.cpp.o)
String::concat(char const*)                       /tmp/build2854674180972588472.tmp/core.a(WString.cpp.o)
String::concat(char const*, unsigned int)         /tmp/build2854674180972588472.tmp/core.a(WString.cpp.o)
String::concat(char)                              /tmp/build2854674180972588472.tmp/core.a(WString.cpp.o)
String::concat(int)                               /tmp/build2854674180972588472.tmp/core.a(WString.cpp.o)
String::concat(long)                              /tmp/build2854674180972588472.tmp/core.a(WString.cpp.o)
String::concat(unsigned char)                     /tmp/build2854674180972588472.tmp/core.a(WString.cpp.o)
String::concat(unsigned int)                      /tmp/build2854674180972588472.tmp/core.a(WString.cpp.o)
String::concat(unsigned long)                     /tmp/build2854674180972588472.tmp/core.a(WString.cpp.o)
String::copy(char const*, unsigned int)           /tmp/build2854674180972588472.tmp/core.a(WString.cpp.o)
String::endsWith(String const&) const             /tmp/build2854674180972588472.tmp/core.a(WString.cpp.o)
String::equals(String const&) const               /tmp/build2854674180972588472.tmp/core.a(WString.cpp.o)
String::equals(char const*) const                 /tmp/build2854674180972588472.tmp/core.a(WString.cpp.o)
String::equalsIgnoreCase(String const&) const     /tmp/build2854674180972588472.tmp/core.a(WString.cpp.o)
String::getBytes(unsigned char*, unsigned int, unsigned int) const /tmp/build2854674180972588472.tmp/core.a(WString.cpp.o)
String::indexOf(String const&) const              /tmp/build2854674180972588472.tmp/core.a(WString.cpp.o)
String::indexOf(String const&, unsigned int) const /tmp/build2854674180972588472.tmp/core.a(WString.cpp.o)
String::indexOf(char) const                       /tmp/build2854674180972588472.tmp/core.a(WString.cpp.o)
String::indexOf(char, unsigned int) const         /tmp/build2854674180972588472.tmp/core.a(WString.cpp.o)
String::invalidate()                              /tmp/build2854674180972588472.tmp/core.a(WString.cpp.o)
String::lastIndexOf(String const&) const          /tmp/build2854674180972588472.tmp/core.a(WString.cpp.o)
String::lastIndexOf(String const&, unsigned int) const /tmp/build2854674180972588472.tmp/core.a(WString.cpp.o)
String::lastIndexOf(char) const                   /tmp/build2854674180972588472.tmp/core.a(WString.cpp.o)
String::lastIndexOf(char, unsigned int) const     /tmp/build2854674180972588472.tmp/core.a(WString.cpp.o)
String::operator<(String const&) const            /tmp/build2854674180972588472.tmp/core.a(WString.cpp.o)
String::operator<=(String const&) const           /tmp/build2854674180972588472.tmp/core.a(WString.cpp.o)
String::operator=(String const&)                  /tmp/build2854674180972588472.tmp/core.a(WString.cpp.o)
String::operator=(char const*)                    /tmp/build2854674180972588472.tmp/core.a(WString.cpp.o)
String::operator>(String const&) const            /tmp/build2854674180972588472.tmp/core.a(WString.cpp.o)
String::operator>=(String const&) const           /tmp/build2854674180972588472.tmp/core.a(WString.cpp.o)
String::operator[](unsigned int)                  /tmp/build2854674180972588472.tmp/core.a(WString.cpp.o)
String::operator[](unsigned int) const            /tmp/build2854674180972588472.tmp/core.a(WString.cpp.o)
                                                  /tmp/build2854674180972588472.tmp/core.a(Print.cpp.o)
String::replace(String const&, String const&)     /tmp/build2854674180972588472.tmp/core.a(WString.cpp.o)
String::replace(char, char)                       /tmp/build2854674180972588472.tmp/core.a(WString.cpp.o)
String::reserve(unsigned int)                     /tmp/build2854674180972588472.tmp/core.a(WString.cpp.o)
String::setCharAt(unsigned int, char)             /tmp/build2854674180972588472.tmp/core.a(WString.cpp.o)
String::startsWith(String const&) const           /tmp/build2854674180972588472.tmp/core.a(WString.cpp.o)
String::startsWith(String const&, unsigned int) const /tmp/build2854674180972588472.tmp/core.a(WString.cpp.o)
String::substring(unsigned int, unsigned int) const /tmp/build2854674180972588472.tmp/core.a(WString.cpp.o)
String::toInt() const                             /tmp/build2854674180972588472.tmp/core.a(WString.cpp.o)
String::toLowerCase()                             /tmp/build2854674180972588472.tmp/core.a(WString.cpp.o)
String::toUpperCase()                             /tmp/build2854674180972588472.tmp/core.a(WString.cpp.o)
String::trim()                                    /tmp/build2854674180972588472.tmp/core.a(WString.cpp.o)
String::~String()                                 /tmp/build2854674180972588472.tmp/core.a(WString.cpp.o)
String::~String()                                 /tmp/build2854674180972588472.tmp/core.a(WString.cpp.o)
SysTick_Handler                                   /opt/arduino-1.5.7/hardware/arduino/RFduino/variants/nRF51/libnRF51System.a(startup_nrf51822.o)
SystemCoreClock                                   /opt/arduino-1.5.7/hardware/arduino/RFduino/variants/nRF51/libnRF51System.a(system_nrf51.o)
SystemCoreClockUpdate                             /opt/arduino-1.5.7/hardware/arduino/RFduino/variants/nRF51/libnRF51System.a(system_nrf51.o)
SystemInit                                        /opt/arduino-1.5.7/hardware/arduino/RFduino/variants/nRF51/libnRF51System.a(system_nrf51.o)
                                                  /opt/arduino-1.5.7/hardware/arduino/RFduino/variants/nRF51/libnRF51System.a(startup_nrf51822.o)
TEMP_IRQHandler                                   /opt/arduino-1.5.7/hardware/arduino/RFduino/variants/nRF51/libnRF51System.a(startup_nrf51822.o)
TIMER0_IRQHandler                                 /opt/arduino-1.5.7/hardware/arduino/RFduino/variants/nRF51/libnRF51System.a(startup_nrf51822.o)
TIMER1_IRQHandler                                 /opt/arduino-1.5.7/hardware/arduino/RFduino/variants/nRF51/libnRF51System.a(startup_nrf51822.o)
TIMER2_IRQHandler                                 /opt/arduino-1.5.7/hardware/arduino/RFduino/variants/nRF51/libnRF51System.a(startup_nrf51822.o)
Timer1_Compare_Unit_Occupied_by_Pin               /tmp/build2854674180972588472.tmp/variant.cpp.o
Timer2_Compare_Unit_Occupied_by_Pin               /tmp/build2854674180972588472.tmp/variant.cpp.o
UART0_BaudRate                                    /tmp/build2854674180972588472.tmp/variant.cpp.o
UART0_FlushTX                                     /tmp/build2854674180972588472.tmp/variant.cpp.o
UART0_IRQHandler                                  /opt/arduino-1.5.7/hardware/arduino/RFduino/variants/nRF51/libnRF51System.a(startup_nrf51822.o)
UART0_Interrupt()                                 /tmp/build2854674180972588472.tmp/variant.cpp.o
UART0_RX                                          /tmp/build2854674180972588472.tmp/variant.cpp.o
UART0_RXErrorReset                                /tmp/build2854674180972588472.tmp/variant.cpp.o
                                                  /tmp/build2854674180972588472.tmp/core.a(UARTClass.cpp.o)
UART0_RXReset                                     /tmp/build2854674180972588472.tmp/variant.cpp.o
                                                  /tmp/build2854674180972588472.tmp/core.a(UARTClass.cpp.o)
UART0_Start                                       /tmp/build2854674180972588472.tmp/variant.cpp.o
                                                  /tmp/build2854674180972588472.tmp/core.a(UARTClass.cpp.o)
UART0_State                                       /tmp/build2854674180972588472.tmp/variant.cpp.o
                                                  /tmp/build2854674180972588472.tmp/core.a(UARTClass.cpp.o)
UART0_Stop                                        /tmp/build2854674180972588472.tmp/variant.cpp.o
                                                  /tmp/build2854674180972588472.tmp/core.a(UARTClass.cpp.o)
UART0_TX                                          /tmp/build2854674180972588472.tmp/variant.cpp.o
                                                  /tmp/build2854674180972588472.tmp/syscalls.c.o
UART0_TXD                                         /tmp/build2854674180972588472.tmp/variant.cpp.o
                                                  /tmp/build2854674180972588472.tmp/core.a(UARTClass.cpp.o)
UART0_TXReset                                     /tmp/build2854674180972588472.tmp/variant.cpp.o
                                                  /tmp/build2854674180972588472.tmp/core.a(UARTClass.cpp.o)
UARTClass::IrqHandler()                           /tmp/build2854674180972588472.tmp/core.a(UARTClass.cpp.o)
                                                  /tmp/build2854674180972588472.tmp/variant.cpp.o
UARTClass::UARTClass(RingBuffer*, RingBuffer*)    /tmp/build2854674180972588472.tmp/core.a(UARTClass.cpp.o)
                                                  /tmp/build2854674180972588472.tmp/variant.cpp.o
UARTClass::UARTClass(RingBuffer*, RingBuffer*)    /tmp/build2854674180972588472.tmp/core.a(UARTClass.cpp.o)
UARTClass::available()                            /tmp/build2854674180972588472.tmp/core.a(UARTClass.cpp.o)
UARTClass::begin(unsigned long)                   /tmp/build2854674180972588472.tmp/core.a(UARTClass.cpp.o)
UARTClass::begin(unsigned long, unsigned char, unsigned char) /tmp/build2854674180972588472.tmp/core.a(UARTClass.cpp.o)
UARTClass::end()                                  /tmp/build2854674180972588472.tmp/core.a(UARTClass.cpp.o)
UARTClass::flush()                                /tmp/build2854674180972588472.tmp/core.a(UARTClass.cpp.o)
                                                  /tmp/build2854674180972588472.tmp/variant.cpp.o
UARTClass::operator bool()                        /tmp/build2854674180972588472.tmp/core.a(UARTClass.cpp.o)
UARTClass::peek()                                 /tmp/build2854674180972588472.tmp/core.a(UARTClass.cpp.o)
UARTClass::read()                                 /tmp/build2854674180972588472.tmp/core.a(UARTClass.cpp.o)
UARTClass::tx()                                   /tmp/build2854674180972588472.tmp/core.a(UARTClass.cpp.o)
UARTClass::write(unsigned char)                   /tmp/build2854674180972588472.tmp/core.a(UARTClass.cpp.o)
                                                  /tmp/build2854674180972588472.tmp/variant.cpp.o
WDT_IRQHandler                                    /opt/arduino-1.5.7/hardware/arduino/RFduino/variants/nRF51/libnRF51System.a(startup_nrf51822.o)
_Jv_RegisterClasses                               /opt/arduino-1.5.7/hardware/tools/gcc-arm-none-eabi-4.8.3-2014q1/bin/../lib/gcc/arm-none-eabi/4.8.3/armv6-m/crtbegin.o
__HEAP_SIZE                                       /opt/arduino-1.5.7/hardware/arduino/RFduino/variants/nRF51/libnRF51System.a(startup_nrf51822.o)
__HeapBase                                        /opt/arduino-1.5.7/hardware/arduino/RFduino/variants/nRF51/libnRF51System.a(startup_nrf51822.o)
__HeapLimit                                       /opt/arduino-1.5.7/hardware/arduino/RFduino/variants/nRF51/libnRF51System.a(startup_nrf51822.o)
__STACK_SIZE                                      /opt/arduino-1.5.7/hardware/arduino/RFduino/variants/nRF51/libnRF51System.a(startup_nrf51822.o)
__StackLimit                                      /opt/arduino-1.5.7/hardware/arduino/RFduino/variants/nRF51/libnRF51System.a(startup_nrf51822.o)
__StackTop                                        /opt/arduino-1.5.7/hardware/arduino/RFduino/variants/nRF51/libnRF51System.a(startup_nrf51822.o)
__Vectors                                         /opt/arduino-1.5.7/hardware/arduino/RFduino/variants/nRF51/libnRF51System.a(startup_nrf51822.o)
__aeabi_cdcmpeq                                   /opt/arduino-1.5.7/hardware/tools/gcc-arm-none-eabi-4.8.3-2014q1/bin/../lib/gcc/arm-none-eabi/4.8.3/armv6-m/libgcc.a(_arm_cmpdf2.o)
__aeabi_cdcmple                                   /opt/arduino-1.5.7/hardware/tools/gcc-arm-none-eabi-4.8.3-2014q1/bin/../lib/gcc/arm-none-eabi/4.8.3/armv6-m/libgcc.a(_arm_cmpdf2.o)
__aeabi_cdrcmple                                  /opt/arduino-1.5.7/hardware/tools/gcc-arm-none-eabi-4.8.3-2014q1/bin/../lib/gcc/arm-none-eabi/4.8.3/armv6-m/libgcc.a(_arm_cmpdf2.o)
__aeabi_d2iz                                      /opt/arduino-1.5.7/hardware/tools/gcc-arm-none-eabi-4.8.3-2014q1/bin/../lib/gcc/arm-none-eabi/4.8.3/armv6-m/libgcc.a(fixdfsi.o)
                                                  /opt/arduino-1.5.7/hardware/tools/gcc-arm-none-eabi-4.8.3-2014q1/bin/../lib/gcc/arm-none-eabi/4.8.3/armv6-m/libgcc.a(_fixunsdfsi.o)
                                                  /tmp/build2854674180972588472.tmp/core.a(Print.cpp.o)
__aeabi_d2uiz                                     /opt/arduino-1.5.7/hardware/tools/gcc-arm-none-eabi-4.8.3-2014q1/bin/../lib/gcc/arm-none-eabi/4.8.3/armv6-m/libgcc.a(_fixunsdfsi.o)
                                                  /tmp/build2854674180972588472.tmp/core.a(Print.cpp.o)
__aeabi_dadd                                      /opt/arduino-1.5.7/hardware/tools/gcc-arm-none-eabi-4.8.3-2014q1/bin/../lib/gcc/arm-none-eabi/4.8.3/armv6-m/libgcc.a(adddf3.o)
                                                  /tmp/build2854674180972588472.tmp/core.a(Print.cpp.o)
__aeabi_dcmpeq                                    /opt/arduino-1.5.7/hardware/tools/gcc-arm-none-eabi-4.8.3-2014q1/bin/../lib/gcc/arm-none-eabi/4.8.3/armv6-m/libgcc.a(_arm_cmpdf2.o)
__aeabi_dcmpge                                    /opt/arduino-1.5.7/hardware/tools/gcc-arm-none-eabi-4.8.3-2014q1/bin/../lib/gcc/arm-none-eabi/4.8.3/armv6-m/libgcc.a(_arm_cmpdf2.o)
                                                  /opt/arduino-1.5.7/hardware/tools/gcc-arm-none-eabi-4.8.3-2014q1/bin/../lib/gcc/arm-none-eabi/4.8.3/armv6-m/libgcc.a(_fixunsdfsi.o)
__aeabi_dcmpgt                                    /opt/arduino-1.5.7/hardware/tools/gcc-arm-none-eabi-4.8.3-2014q1/bin/../lib/gcc/arm-none-eabi/4.8.3/armv6-m/libgcc.a(_arm_cmpdf2.o)
                                                  /tmp/build2854674180972588472.tmp/core.a(Print.cpp.o)
__aeabi_dcmple                                    /opt/arduino-1.5.7/hardware/tools/gcc-arm-none-eabi-4.8.3-2014q1/bin/../lib/gcc/arm-none-eabi/4.8.3/armv6-m/libgcc.a(_arm_cmpdf2.o)
__aeabi_dcmplt                                    /opt/arduino-1.5.7/hardware/tools/gcc-arm-none-eabi-4.8.3-2014q1/bin/../lib/gcc/arm-none-eabi/4.8.3/armv6-m/libgcc.a(_arm_cmpdf2.o)
                                                  /tmp/build2854674180972588472.tmp/core.a(Print.cpp.o)
__aeabi_ddiv                                      /opt/arduino-1.5.7/hardware/tools/gcc-arm-none-eabi-4.8.3-2014q1/bin/../lib/gcc/arm-none-eabi/4.8.3/armv6-m/libgcc.a(divdf3.o)
                                                  /tmp/build2854674180972588472.tmp/core.a(Print.cpp.o)
__aeabi_dmul                                      /opt/arduino-1.5.7/hardware/tools/gcc-arm-none-eabi-4.8.3-2014q1/bin/../lib/gcc/arm-none-eabi/4.8.3/armv6-m/libgcc.a(muldf3.o)
                                                  /tmp/build2854674180972588472.tmp/core.a(Print.cpp.o)
__aeabi_dsub                                      /opt/arduino-1.5.7/hardware/tools/gcc-arm-none-eabi-4.8.3-2014q1/bin/../lib/gcc/arm-none-eabi/4.8.3/armv6-m/libgcc.a(subdf3.o)
                                                  /opt/arduino-1.5.7/hardware/tools/gcc-arm-none-eabi-4.8.3-2014q1/bin/../lib/gcc/arm-none-eabi/4.8.3/armv6-m/libgcc.a(_fixunsdfsi.o)
                                                  /tmp/build2854674180972588472.tmp/core.a(Print.cpp.o)
__aeabi_i2d                                       /opt/arduino-1.5.7/hardware/tools/gcc-arm-none-eabi-4.8.3-2014q1/bin/../lib/gcc/arm-none-eabi/4.8.3/armv6-m/libgcc.a(floatsidf.o)
                                                  /tmp/build2854674180972588472.tmp/core.a(Print.cpp.o)
__aeabi_idiv                                      /opt/arduino-1.5.7/hardware/tools/gcc-arm-none-eabi-4.8.3-2014q1/bin/../lib/gcc/arm-none-eabi/4.8.3/armv6-m/libgcc.a(_divsi3.o)
                                                  /opt/arduino-1.5.7/hardware/tools/gcc-arm-none-eabi-4.8.3-2014q1/bin/../lib/gcc/arm-none-eabi/4.8.3/../../../../arm-none-eabi/lib/armv6-m/libc_s.a(lib_a-fvwrite.o)
__aeabi_idiv0                                     /opt/arduino-1.5.7/hardware/tools/gcc-arm-none-eabi-4.8.3-2014q1/bin/../lib/gcc/arm-none-eabi/4.8.3/armv6-m/libgcc.a(_dvmd_tls.o)
                                                  /opt/arduino-1.5.7/hardware/tools/gcc-arm-none-eabi-4.8.3-2014q1/bin/../lib/gcc/arm-none-eabi/4.8.3/armv6-m/libgcc.a(_divsi3.o)
                                                  /opt/arduino-1.5.7/hardware/tools/gcc-arm-none-eabi-4.8.3-2014q1/bin/../lib/gcc/arm-none-eabi/4.8.3/armv6-m/libgcc.a(_udivsi3.o)
__aeabi_idivmod                                   /opt/arduino-1.5.7/hardware/tools/gcc-arm-none-eabi-4.8.3-2014q1/bin/../lib/gcc/arm-none-eabi/4.8.3/armv6-m/libgcc.a(_divsi3.o)
                                                  /tmp/build2854674180972588472.tmp/core.a(Print.cpp.o)
__aeabi_ldiv0                                     /opt/arduino-1.5.7/hardware/tools/gcc-arm-none-eabi-4.8.3-2014q1/bin/../lib/gcc/arm-none-eabi/4.8.3/armv6-m/libgcc.a(_dvmd_tls.o)
__aeabi_lmul                                      /opt/arduino-1.5.7/hardware/tools/gcc-arm-none-eabi-4.8.3-2014q1/bin/../lib/gcc/arm-none-eabi/4.8.3/armv6-m/libgcc.a(_muldi3.o)
                                                  /tmp/build2854674180972588472.tmp/core.a(wiring.c.o)
__aeabi_ui2d                                      /opt/arduino-1.5.7/hardware/tools/gcc-arm-none-eabi-4.8.3-2014q1/bin/../lib/gcc/arm-none-eabi/4.8.3/armv6-m/libgcc.a(floatunsidf.o)
                                                  /tmp/build2854674180972588472.tmp/core.a(Print.cpp.o)
__aeabi_uidiv                                     /opt/arduino-1.5.7/hardware/tools/gcc-arm-none-eabi-4.8.3-2014q1/bin/../lib/gcc/arm-none-eabi/4.8.3/armv6-m/libgcc.a(_udivsi3.o)
                                                  /opt/arduino-1.5.7/hardware/tools/gcc-arm-none-eabi-4.8.3-2014q1/bin/../lib/gcc/arm-none-eabi/4.8.3/../../../../arm-none-eabi/lib/armv6-m/libc_s.a(lib_a-vfprintf_i.o)
                                                  /opt/arduino-1.5.7/hardware/tools/gcc-arm-none-eabi-4.8.3-2014q1/bin/../lib/gcc/arm-none-eabi/4.8.3/../../../../arm-none-eabi/lib/armv6-m/libc_s.a(lib_a-strtol.o)
                                                  /opt/arduino-1.5.7/hardware/tools/gcc-arm-none-eabi-4.8.3-2014q1/bin/../lib/gcc/arm-none-eabi/4.8.3/armv6-m/libgcc.a(divdf3.o)
                                                  /tmp/build2854674180972588472.tmp/core.a(itoa.c.o)
                                                  /tmp/build2854674180972588472.tmp/core.a(Print.cpp.o)
__aeabi_uidivmod                                  /opt/arduino-1.5.7/hardware/tools/gcc-arm-none-eabi-4.8.3-2014q1/bin/../lib/gcc/arm-none-eabi/4.8.3/armv6-m/libgcc.a(_udivsi3.o)
                                                  /opt/arduino-1.5.7/hardware/tools/gcc-arm-none-eabi-4.8.3-2014q1/bin/../lib/gcc/arm-none-eabi/4.8.3/../../../../arm-none-eabi/lib/armv6-m/libc_s.a(lib_a-vfprintf_i.o)
                                                  /opt/arduino-1.5.7/hardware/tools/gcc-arm-none-eabi-4.8.3-2014q1/bin/../lib/gcc/arm-none-eabi/4.8.3/../../../../arm-none-eabi/lib/armv6-m/libc_s.a(lib_a-strtol.o)
                                                  /opt/arduino-1.5.7/hardware/tools/gcc-arm-none-eabi-4.8.3-2014q1/bin/../lib/gcc/arm-none-eabi/4.8.3/armv6-m/libgcc.a(divdf3.o)
                                                  /tmp/build2854674180972588472.tmp/core.a(itoa.c.o)
__bss_end__                                       /tmp/build2854674180972588472.tmp/syscalls.c.o
                                                  /opt/arduino-1.5.7/hardware/tools/gcc-arm-none-eabi-4.8.3-2014q1/bin/../lib/gcc/arm-none-eabi/4.8.3/../../../../arm-none-eabi/lib/armv6-m/crt0.o
__bss_start__                                     /opt/arduino-1.5.7/hardware/tools/gcc-arm-none-eabi-4.8.3-2014q1/bin/../lib/gcc/arm-none-eabi/4.8.3/../../../../arm-none-eabi/lib/armv6-m/crt0.o
__call_exitprocs                                  /opt/arduino-1.5.7/hardware/tools/gcc-arm-none-eabi-4.8.3-2014q1/bin/../lib/gcc/arm-none-eabi/4.8.3/../../../../arm-none-eabi/lib/armv6-m/libc_s.a(lib_a-exit.o)
__clzsi2                                          /opt/arduino-1.5.7/hardware/tools/gcc-arm-none-eabi-4.8.3-2014q1/bin/../lib/gcc/arm-none-eabi/4.8.3/armv6-m/libgcc.a(_clzsi2.o)
                                                  /opt/arduino-1.5.7/hardware/tools/gcc-arm-none-eabi-4.8.3-2014q1/bin/../lib/gcc/arm-none-eabi/4.8.3/armv6-m/libgcc.a(floatunsidf.o)
                                                  /opt/arduino-1.5.7/hardware/tools/gcc-arm-none-eabi-4.8.3-2014q1/bin/../lib/gcc/arm-none-eabi/4.8.3/armv6-m/libgcc.a(floatsidf.o)
                                                  /opt/arduino-1.5.7/hardware/tools/gcc-arm-none-eabi-4.8.3-2014q1/bin/../lib/gcc/arm-none-eabi/4.8.3/armv6-m/libgcc.a(subdf3.o)
                                                  /opt/arduino-1.5.7/hardware/tools/gcc-arm-none-eabi-4.8.3-2014q1/bin/../lib/gcc/arm-none-eabi/4.8.3/armv6-m/libgcc.a(muldf3.o)
                                                  /opt/arduino-1.5.7/hardware/tools/gcc-arm-none-eabi-4.8.3-2014q1/bin/../lib/gcc/arm-none-eabi/4.8.3/armv6-m/libgcc.a(divdf3.o)
                                                  /opt/arduino-1.5.7/hardware/tools/gcc-arm-none-eabi-4.8.3-2014q1/bin/../lib/gcc/arm-none-eabi/4.8.3/armv6-m/libgcc.a(adddf3.o)
__ctype_ptr__                                     /opt/arduino-1.5.7/hardware/tools/gcc-arm-none-eabi-4.8.3-2014q1/bin/../lib/gcc/arm-none-eabi/4.8.3/../../../../arm-none-eabi/lib/armv6-m/libc_s.a(lib_a-ctype_.o)
                                                  /opt/arduino-1.5.7/hardware/tools/gcc-arm-none-eabi-4.8.3-2014q1/bin/../lib/gcc/arm-none-eabi/4.8.3/../../../../arm-none-eabi/lib/armv6-m/libc_s.a(lib_a-toupper.o)
                                                  /opt/arduino-1.5.7/hardware/tools/gcc-arm-none-eabi-4.8.3-2014q1/bin/../lib/gcc/arm-none-eabi/4.8.3/../../../../arm-none-eabi/lib/armv6-m/libc_s.a(lib_a-tolower.o)
                                                  /opt/arduino-1.5.7/hardware/tools/gcc-arm-none-eabi-4.8.3-2014q1/bin/../lib/gcc/arm-none-eabi/4.8.3/../../../../arm-none-eabi/lib/armv6-m/libc_s.a(lib_a-strtol.o)
                                                  /opt/arduino-1.5.7/hardware/tools/gcc-arm-none-eabi-4.8.3-2014q1/bin/../lib/gcc/arm-none-eabi/4.8.3/../../../../arm-none-eabi/lib/armv6-m/libc_s.a(lib_a-isspace.o)
__cxa_current_exception_type                      /opt/arduino-1.5.7/hardware/tools/gcc-arm-none-eabi-4.8.3-2014q1/bin/../lib/gcc/arm-none-eabi/4.8.3/../../../../arm-none-eabi/lib/armv6-m/libstdc++_s.a(eh_type.o)
                                                  /opt/arduino-1.5.7/hardware/tools/gcc-arm-none-eabi-4.8.3-2014q1/bin/../lib/gcc/arm-none-eabi/4.8.3/../../../../arm-none-eabi/lib/armv6-m/libstdc++_s.a(vterminate.o)
__cxa_deleted_virtual                             /opt/arduino-1.5.7/hardware/tools/gcc-arm-none-eabi-4.8.3-2014q1/bin/../lib/gcc/arm-none-eabi/4.8.3/../../../../arm-none-eabi/lib/armv6-m/libstdc++_s.a(pure.o)
__cxa_demangle                                    /opt/arduino-1.5.7/hardware/tools/gcc-arm-none-eabi-4.8.3-2014q1/bin/../lib/gcc/arm-none-eabi/4.8.3/../../../../arm-none-eabi/lib/armv6-m/libstdc++_s.a(cp-demangle.o)
                                                  /opt/arduino-1.5.7/hardware/tools/gcc-arm-none-eabi-4.8.3-2014q1/bin/../lib/gcc/arm-none-eabi/4.8.3/../../../../arm-none-eabi/lib/armv6-m/libstdc++_s.a(vterminate.o)
__cxa_get_globals                                 /opt/arduino-1.5.7/hardware/tools/gcc-arm-none-eabi-4.8.3-2014q1/bin/../lib/gcc/arm-none-eabi/4.8.3/../../../../arm-none-eabi/lib/armv6-m/libstdc++_s.a(eh_globals.o)
                                                  /opt/arduino-1.5.7/hardware/tools/gcc-arm-none-eabi-4.8.3-2014q1/bin/../lib/gcc/arm-none-eabi/4.8.3/../../../../arm-none-eabi/lib/armv6-m/libstdc++_s.a(eh_type.o)
__cxa_get_globals_fast                            /opt/arduino-1.5.7/hardware/tools/gcc-arm-none-eabi-4.8.3-2014q1/bin/../lib/gcc/arm-none-eabi/4.8.3/../../../../arm-none-eabi/lib/armv6-m/libstdc++_s.a(eh_globals.o)
__cxa_pure_virtual                                /opt/arduino-1.5.7/hardware/tools/gcc-arm-none-eabi-4.8.3-2014q1/bin/../lib/gcc/arm-none-eabi/4.8.3/../../../../arm-none-eabi/lib/armv6-m/libstdc++_s.a(pure.o)
                                                  /tmp/build2854674180972588472.tmp/core.a(Print.cpp.o)
                                                  /tmp/build2854674180972588472.tmp/core.a(UARTClass.cpp.o)
__cxxabiv1::__terminate(void (*)())               /opt/arduino-1.5.7/hardware/tools/gcc-arm-none-eabi-4.8.3-2014q1/bin/../lib/gcc/arm-none-eabi/4.8.3/../../../../arm-none-eabi/lib/armv6-m/libstdc++_s.a(eh_terminate.o)
__cxxabiv1::__terminate_handler                   /opt/arduino-1.5.7/hardware/tools/gcc-arm-none-eabi-4.8.3-2014q1/bin/../lib/gcc/arm-none-eabi/4.8.3/../../../../arm-none-eabi/lib/armv6-m/libstdc++_s.a(eh_term_handler.o)
                                                  /opt/arduino-1.5.7/hardware/tools/gcc-arm-none-eabi-4.8.3-2014q1/bin/../lib/gcc/arm-none-eabi/4.8.3/../../../../arm-none-eabi/lib/armv6-m/libstdc++_s.a(eh_terminate.o)
__cxxabiv1::__unexpected(void (*)())              /opt/arduino-1.5.7/hardware/tools/gcc-arm-none-eabi-4.8.3-2014q1/bin/../lib/gcc/arm-none-eabi/4.8.3/../../../../arm-none-eabi/lib/armv6-m/libstdc++_s.a(eh_terminate.o)
__cxxabiv1::__unexpected_handler                  /opt/arduino-1.5.7/hardware/tools/gcc-arm-none-eabi-4.8.3-2014q1/bin/../lib/gcc/arm-none-eabi/4.8.3/../../../../arm-none-eabi/lib/armv6-m/libstdc++_s.a(eh_unex_handler.o)
                                                  /opt/arduino-1.5.7/hardware/tools/gcc-arm-none-eabi-4.8.3-2014q1/bin/../lib/gcc/arm-none-eabi/4.8.3/../../../../arm-none-eabi/lib/armv6-m/libstdc++_s.a(eh_terminate.o)
__data_end__                                      /opt/arduino-1.5.7/hardware/arduino/RFduino/variants/nRF51/libnRF51System.a(startup_nrf51822.o)
__data_start__                                    /opt/arduino-1.5.7/hardware/arduino/RFduino/variants/nRF51/libnRF51System.a(startup_nrf51822.o)
__deregister_frame_info                           /opt/arduino-1.5.7/hardware/tools/gcc-arm-none-eabi-4.8.3-2014q1/bin/../lib/gcc/arm-none-eabi/4.8.3/armv6-m/crtbegin.o
__divsi3                                          /opt/arduino-1.5.7/hardware/tools/gcc-arm-none-eabi-4.8.3-2014q1/bin/../lib/gcc/arm-none-eabi/4.8.3/armv6-m/libgcc.a(_divsi3.o)
__dso_handle                                      /opt/arduino-1.5.7/hardware/tools/gcc-arm-none-eabi-4.8.3-2014q1/bin/../lib/gcc/arm-none-eabi/4.8.3/armv6-m/crtbegin.o
__eqdf2                                           /opt/arduino-1.5.7/hardware/tools/gcc-arm-none-eabi-4.8.3-2014q1/bin/../lib/gcc/arm-none-eabi/4.8.3/armv6-m/libgcc.a(eqdf2.o)
                                                  /opt/arduino-1.5.7/hardware/tools/gcc-arm-none-eabi-4.8.3-2014q1/bin/../lib/gcc/arm-none-eabi/4.8.3/armv6-m/libgcc.a(_arm_cmpdf2.o)
__etext                                           /opt/arduino-1.5.7/hardware/arduino/RFduino/variants/nRF51/libnRF51System.a(startup_nrf51822.o)
__fixunsdfsi                                      /opt/arduino-1.5.7/hardware/tools/gcc-arm-none-eabi-4.8.3-2014q1/bin/../lib/gcc/arm-none-eabi/4.8.3/armv6-m/libgcc.a(_fixunsdfsi.o)
__fp_lock_all                                     /opt/arduino-1.5.7/hardware/tools/gcc-arm-none-eabi-4.8.3-2014q1/bin/../lib/gcc/arm-none-eabi/4.8.3/../../../../arm-none-eabi/lib/armv6-m/libc_s.a(lib_a-findfp.o)
__fp_unlock_all                                   /opt/arduino-1.5.7/hardware/tools/gcc-arm-none-eabi-4.8.3-2014q1/bin/../lib/gcc/arm-none-eabi/4.8.3/../../../../arm-none-eabi/lib/armv6-m/libc_s.a(lib_a-findfp.o)
__fpclassifyd                                     /opt/arduino-1.5.7/hardware/tools/gcc-arm-none-eabi-4.8.3-2014q1/bin/../lib/gcc/arm-none-eabi/4.8.3/../../../../arm-none-eabi/lib/armv6-m/libm.a(lib_a-s_fpclassify.o)
                                                  /tmp/build2854674180972588472.tmp/core.a(Print.cpp.o)
__gcclibcxx_demangle_callback                     /opt/arduino-1.5.7/hardware/tools/gcc-arm-none-eabi-4.8.3-2014q1/bin/../lib/gcc/arm-none-eabi/4.8.3/../../../../arm-none-eabi/lib/armv6-m/libstdc++_s.a(cp-demangle.o)
__gedf2                                           /opt/arduino-1.5.7/hardware/tools/gcc-arm-none-eabi-4.8.3-2014q1/bin/../lib/gcc/arm-none-eabi/4.8.3/armv6-m/libgcc.a(gedf2.o)
                                                  /opt/arduino-1.5.7/hardware/tools/gcc-arm-none-eabi-4.8.3-2014q1/bin/../lib/gcc/arm-none-eabi/4.8.3/armv6-m/libgcc.a(_arm_cmpdf2.o)
__gnu_cxx::__verbose_terminate_handler()          /opt/arduino-1.5.7/hardware/tools/gcc-arm-none-eabi-4.8.3-2014q1/bin/../lib/gcc/arm-none-eabi/4.8.3/../../../../arm-none-eabi/lib/armv6-m/libstdc++_s.a(vterminate.o)
                                                  /opt/arduino-1.5.7/hardware/tools/gcc-arm-none-eabi-4.8.3-2014q1/bin/../lib/gcc/arm-none-eabi/4.8.3/../../../../arm-none-eabi/lib/armv6-m/libstdc++_s.a(eh_term_handler.o)
__gtdf2                                           /opt/arduino-1.5.7/hardware/tools/gcc-arm-none-eabi-4.8.3-2014q1/bin/../lib/gcc/arm-none-eabi/4.8.3/armv6-m/libgcc.a(gedf2.o)
__init_array_end                                  /opt/arduino-1.5.7/hardware/tools/gcc-arm-none-eabi-4.8.3-2014q1/bin/../lib/gcc/arm-none-eabi/4.8.3/../../../../arm-none-eabi/lib/armv6-m/libc_s.a(lib_a-init.o)
__init_array_start                                /opt/arduino-1.5.7/hardware/tools/gcc-arm-none-eabi-4.8.3-2014q1/bin/../lib/gcc/arm-none-eabi/4.8.3/../../../../arm-none-eabi/lib/armv6-m/libc_s.a(lib_a-init.o)
__ledf2                                           /opt/arduino-1.5.7/hardware/tools/gcc-arm-none-eabi-4.8.3-2014q1/bin/../lib/gcc/arm-none-eabi/4.8.3/armv6-m/libgcc.a(ledf2.o)
                                                  /opt/arduino-1.5.7/hardware/tools/gcc-arm-none-eabi-4.8.3-2014q1/bin/../lib/gcc/arm-none-eabi/4.8.3/armv6-m/libgcc.a(_arm_cmpdf2.o)
__libc_fini_array                                 /opt/arduino-1.5.7/hardware/tools/gcc-arm-none-eabi-4.8.3-2014q1/bin/../lib/gcc/arm-none-eabi/4.8.3/../../../../arm-none-eabi/lib/armv6-m/crt0.o
__libc_init_array                                 /opt/arduino-1.5.7/hardware/tools/gcc-arm-none-eabi-4.8.3-2014q1/bin/../lib/gcc/arm-none-eabi/4.8.3/../../../../arm-none-eabi/lib/armv6-m/libc_s.a(lib_a-init.o)
                                                  /opt/arduino-1.5.7/hardware/tools/gcc-arm-none-eabi-4.8.3-2014q1/bin/../lib/gcc/arm-none-eabi/4.8.3/../../../../arm-none-eabi/lib/armv6-m/crt0.o
__ltdf2                                           /opt/arduino-1.5.7/hardware/tools/gcc-arm-none-eabi-4.8.3-2014q1/bin/../lib/gcc/arm-none-eabi/4.8.3/armv6-m/libgcc.a(ledf2.o)
__malloc_free_list                                /opt/arduino-1.5.7/hardware/tools/gcc-arm-none-eabi-4.8.3-2014q1/bin/../lib/gcc/arm-none-eabi/4.8.3/../../../../arm-none-eabi/lib/armv6-m/libc_s.a(lib_a-nano-mallocr.o)
                                                  /opt/arduino-1.5.7/hardware/tools/gcc-arm-none-eabi-4.8.3-2014q1/bin/../lib/gcc/arm-none-eabi/4.8.3/../../../../arm-none-eabi/lib/armv6-m/libc_s.a(lib_a-nano-freer.o)
__malloc_sbrk_start                               /opt/arduino-1.5.7/hardware/tools/gcc-arm-none-eabi-4.8.3-2014q1/bin/../lib/gcc/arm-none-eabi/4.8.3/../../../../arm-none-eabi/lib/armv6-m/libc_s.a(lib_a-nano-mallocr.o)
__muldi3                                          /opt/arduino-1.5.7/hardware/tools/gcc-arm-none-eabi-4.8.3-2014q1/bin/../lib/gcc/arm-none-eabi/4.8.3/armv6-m/libgcc.a(_muldi3.o)
__nedf2                                           /opt/arduino-1.5.7/hardware/tools/gcc-arm-none-eabi-4.8.3-2014q1/bin/../lib/gcc/arm-none-eabi/4.8.3/armv6-m/libgcc.a(eqdf2.o)
__preinit_array_end                               /opt/arduino-1.5.7/hardware/tools/gcc-arm-none-eabi-4.8.3-2014q1/bin/../lib/gcc/arm-none-eabi/4.8.3/../../../../arm-none-eabi/lib/armv6-m/libc_s.a(lib_a-init.o)
__preinit_array_start                             /opt/arduino-1.5.7/hardware/tools/gcc-arm-none-eabi-4.8.3-2014q1/bin/../lib/gcc/arm-none-eabi/4.8.3/../../../../arm-none-eabi/lib/armv6-m/libc_s.a(lib_a-init.o)
__register_frame_info                             /opt/arduino-1.5.7/hardware/tools/gcc-arm-none-eabi-4.8.3-2014q1/bin/../lib/gcc/arm-none-eabi/4.8.3/armv6-m/crtbegin.o
__sclose                                          /opt/arduino-1.5.7/hardware/tools/gcc-arm-none-eabi-4.8.3-2014q1/bin/../lib/gcc/arm-none-eabi/4.8.3/../../../../arm-none-eabi/lib/armv6-m/libc_s.a(lib_a-stdio.o)
                                                  /opt/arduino-1.5.7/hardware/tools/gcc-arm-none-eabi-4.8.3-2014q1/bin/../lib/gcc/arm-none-eabi/4.8.3/../../../../arm-none-eabi/lib/armv6-m/libc_s.a(lib_a-findfp.o)
__seofread                                        /opt/arduino-1.5.7/hardware/tools/gcc-arm-none-eabi-4.8.3-2014q1/bin/../lib/gcc/arm-none-eabi/4.8.3/../../../../arm-none-eabi/lib/armv6-m/libc_s.a(lib_a-stdio.o)
__sf_fake_stderr                                  /opt/arduino-1.5.7/hardware/tools/gcc-arm-none-eabi-4.8.3-2014q1/bin/../lib/gcc/arm-none-eabi/4.8.3/../../../../arm-none-eabi/lib/armv6-m/libc_s.a(lib_a-findfp.o)
                                                  /opt/arduino-1.5.7/hardware/tools/gcc-arm-none-eabi-4.8.3-2014q1/bin/../lib/gcc/arm-none-eabi/4.8.3/../../../../arm-none-eabi/lib/armv6-m/libc_s.a(lib_a-fflush.o)
                                                  /opt/arduino-1.5.7/hardware/tools/gcc-arm-none-eabi-4.8.3-2014q1/bin/../lib/gcc/arm-none-eabi/4.8.3/../../../../arm-none-eabi/lib/armv6-m/libc_s.a(lib_a-wsetup.o)
                                                  /opt/arduino-1.5.7/hardware/tools/gcc-arm-none-eabi-4.8.3-2014q1/bin/../lib/gcc/arm-none-eabi/4.8.3/../../../../arm-none-eabi/lib/armv6-m/libc_s.a(lib_a-wbuf.o)
                                                  /opt/arduino-1.5.7/hardware/tools/gcc-arm-none-eabi-4.8.3-2014q1/bin/../lib/gcc/arm-none-eabi/4.8.3/../../../../arm-none-eabi/lib/armv6-m/libc_s.a(lib_a-vfprintf.o)
                                                  /opt/arduino-1.5.7/hardware/tools/gcc-arm-none-eabi-4.8.3-2014q1/bin/../lib/gcc/arm-none-eabi/4.8.3/../../../../arm-none-eabi/lib/armv6-m/libc_s.a(lib_a-impure.o)
                                                  /opt/arduino-1.5.7/hardware/tools/gcc-arm-none-eabi-4.8.3-2014q1/bin/../lib/gcc/arm-none-eabi/4.8.3/../../../../arm-none-eabi/lib/armv6-m/libc_s.a(lib_a-fputs.o)
__sf_fake_stdin                                   /opt/arduino-1.5.7/hardware/tools/gcc-arm-none-eabi-4.8.3-2014q1/bin/../lib/gcc/arm-none-eabi/4.8.3/../../../../arm-none-eabi/lib/armv6-m/libc_s.a(lib_a-findfp.o)
                                                  /opt/arduino-1.5.7/hardware/tools/gcc-arm-none-eabi-4.8.3-2014q1/bin/../lib/gcc/arm-none-eabi/4.8.3/../../../../arm-none-eabi/lib/armv6-m/libc_s.a(lib_a-fflush.o)
                                                  /opt/arduino-1.5.7/hardware/tools/gcc-arm-none-eabi-4.8.3-2014q1/bin/../lib/gcc/arm-none-eabi/4.8.3/../../../../arm-none-eabi/lib/armv6-m/libc_s.a(lib_a-wsetup.o)
                                                  /opt/arduino-1.5.7/hardware/tools/gcc-arm-none-eabi-4.8.3-2014q1/bin/../lib/gcc/arm-none-eabi/4.8.3/../../../../arm-none-eabi/lib/armv6-m/libc_s.a(lib_a-wbuf.o)
                                                  /opt/arduino-1.5.7/hardware/tools/gcc-arm-none-eabi-4.8.3-2014q1/bin/../lib/gcc/arm-none-eabi/4.8.3/../../../../arm-none-eabi/lib/armv6-m/libc_s.a(lib_a-vfprintf.o)
                                                  /opt/arduino-1.5.7/hardware/tools/gcc-arm-none-eabi-4.8.3-2014q1/bin/../lib/gcc/arm-none-eabi/4.8.3/../../../../arm-none-eabi/lib/armv6-m/libc_s.a(lib_a-impure.o)
                                                  /opt/arduino-1.5.7/hardware/tools/gcc-arm-none-eabi-4.8.3-2014q1/bin/../lib/gcc/arm-none-eabi/4.8.3/../../../../arm-none-eabi/lib/armv6-m/libc_s.a(lib_a-fputs.o)
__sf_fake_stdout                                  /opt/arduino-1.5.7/hardware/tools/gcc-arm-none-eabi-4.8.3-2014q1/bin/../lib/gcc/arm-none-eabi/4.8.3/../../../../arm-none-eabi/lib/armv6-m/libc_s.a(lib_a-findfp.o)
                                                  /opt/arduino-1.5.7/hardware/tools/gcc-arm-none-eabi-4.8.3-2014q1/bin/../lib/gcc/arm-none-eabi/4.8.3/../../../../arm-none-eabi/lib/armv6-m/libc_s.a(lib_a-fflush.o)
                                                  /opt/arduino-1.5.7/hardware/tools/gcc-arm-none-eabi-4.8.3-2014q1/bin/../lib/gcc/arm-none-eabi/4.8.3/../../../../arm-none-eabi/lib/armv6-m/libc_s.a(lib_a-wsetup.o)
                                                  /opt/arduino-1.5.7/hardware/tools/gcc-arm-none-eabi-4.8.3-2014q1/bin/../lib/gcc/arm-none-eabi/4.8.3/../../../../arm-none-eabi/lib/armv6-m/libc_s.a(lib_a-wbuf.o)
                                                  /opt/arduino-1.5.7/hardware/tools/gcc-arm-none-eabi-4.8.3-2014q1/bin/../lib/gcc/arm-none-eabi/4.8.3/../../../../arm-none-eabi/lib/armv6-m/libc_s.a(lib_a-vfprintf.o)